<?xml version="1.0" encoding="ISO-8859-1" ?>
<link_info>
   <banner>MSP430 Linker Unix v18.1.1.LTS</banner>
   <copyright>Copyright (c) 2003-2017 Texas Instruments Incorporated</copyright>
   <link_time>0x5b266497</link_time>
   <link_errors>0x0</link_errors>
   <output_file>LCD Test.out</output_file>
   <entry_point>
      <name>_c_int00_noargs</name>
      <address>0xd7ee</address>
   </entry_point>
   <input_file_list>
      <input_file id="fl-1">
         <path>./</path>
         <kind>object</kind>
         <file>LCD.obj</file>
         <name>LCD.obj</name>
      </input_file>
      <input_file id="fl-2">
         <path>./</path>
         <kind>object</kind>
         <file>TempSensor.obj</file>
         <name>TempSensor.obj</name>
      </input_file>
      <input_file id="fl-3">
         <path>./</path>
         <kind>object</kind>
         <file>main.obj</file>
         <name>main.obj</name>
      </input_file>
      <input_file id="fl-8">
         <kind>object</kind>
         <file>&lt;internal&gt;</file>
         <name>&lt;internal&gt;</name>
      </input_file>
      <input_file id="fl-1e">
         <path>/Applications/ti/ccsv8/tools/compiler/ti-cgt-msp430_18.1.1.LTS/lib/</path>
         <kind>archive</kind>
         <file>rts430x_lc_sd_eabi.lib</file>
         <name>div32s.asm.obj</name>
      </input_file>
      <input_file id="fl-1f">
         <path>/Applications/ti/ccsv8/tools/compiler/ti-cgt-msp430_18.1.1.LTS/lib/</path>
         <kind>archive</kind>
         <file>rts430x_lc_sd_eabi.lib</file>
         <name>div32u.asm.obj</name>
      </input_file>
      <input_file id="fl-20">
         <path>/Applications/ti/ccsv8/tools/compiler/ti-cgt-msp430_18.1.1.LTS/lib/</path>
         <kind>archive</kind>
         <file>rts430x_lc_sd_eabi.lib</file>
         <name>int45.asm.obj</name>
      </input_file>
      <input_file id="fl-21">
         <path>/Applications/ti/ccsv8/tools/compiler/ti-cgt-msp430_18.1.1.LTS/lib/</path>
         <kind>archive</kind>
         <file>rts430x_lc_sd_eabi.lib</file>
         <name>int49.asm.obj</name>
      </input_file>
      <input_file id="fl-22">
         <path>/Applications/ti/ccsv8/tools/compiler/ti-cgt-msp430_18.1.1.LTS/lib/</path>
         <kind>archive</kind>
         <file>rts430x_lc_sd_eabi.lib</file>
         <name>int50.asm.obj</name>
      </input_file>
      <input_file id="fl-23">
         <path>/Applications/ti/ccsv8/tools/compiler/ti-cgt-msp430_18.1.1.LTS/lib/</path>
         <kind>archive</kind>
         <file>rts430x_lc_sd_eabi.lib</file>
         <name>int51.asm.obj</name>
      </input_file>
      <input_file id="fl-24">
         <path>/Applications/ti/ccsv8/tools/compiler/ti-cgt-msp430_18.1.1.LTS/lib/</path>
         <kind>archive</kind>
         <file>rts430x_lc_sd_eabi.lib</file>
         <name>int52.asm.obj</name>
      </input_file>
      <input_file id="fl-25">
         <path>/Applications/ti/ccsv8/tools/compiler/ti-cgt-msp430_18.1.1.LTS/lib/</path>
         <kind>archive</kind>
         <file>rts430x_lc_sd_eabi.lib</file>
         <name>int53.asm.obj</name>
      </input_file>
      <input_file id="fl-26">
         <path>/Applications/ti/ccsv8/tools/compiler/ti-cgt-msp430_18.1.1.LTS/lib/</path>
         <kind>archive</kind>
         <file>rts430x_lc_sd_eabi.lib</file>
         <name>int54.asm.obj</name>
      </input_file>
      <input_file id="fl-27">
         <path>/Applications/ti/ccsv8/tools/compiler/ti-cgt-msp430_18.1.1.LTS/lib/</path>
         <kind>archive</kind>
         <file>rts430x_lc_sd_eabi.lib</file>
         <name>int55.asm.obj</name>
      </input_file>
      <input_file id="fl-28">
         <path>/Applications/ti/ccsv8/tools/compiler/ti-cgt-msp430_18.1.1.LTS/lib/</path>
         <kind>archive</kind>
         <file>rts430x_lc_sd_eabi.lib</file>
         <name>int56.asm.obj</name>
      </input_file>
      <input_file id="fl-29">
         <path>/Applications/ti/ccsv8/tools/compiler/ti-cgt-msp430_18.1.1.LTS/lib/</path>
         <kind>archive</kind>
         <file>rts430x_lc_sd_eabi.lib</file>
         <name>int57.asm.obj</name>
      </input_file>
      <input_file id="fl-2a">
         <path>/Applications/ti/ccsv8/tools/compiler/ti-cgt-msp430_18.1.1.LTS/lib/</path>
         <kind>archive</kind>
         <file>rts430x_lc_sd_eabi.lib</file>
         <name>int58.asm.obj</name>
      </input_file>
      <input_file id="fl-2b">
         <path>/Applications/ti/ccsv8/tools/compiler/ti-cgt-msp430_18.1.1.LTS/lib/</path>
         <kind>archive</kind>
         <file>rts430x_lc_sd_eabi.lib</file>
         <name>isr_trap.asm.obj</name>
      </input_file>
      <input_file id="fl-2c">
         <path>/Applications/ti/ccsv8/tools/compiler/ti-cgt-msp430_18.1.1.LTS/lib/</path>
         <kind>archive</kind>
         <file>rts430x_lc_sd_eabi.lib</file>
         <name>boot.c.obj</name>
      </input_file>
      <input_file id="fl-2d">
         <path>/Applications/ti/ccsv8/tools/compiler/ti-cgt-msp430_18.1.1.LTS/lib/</path>
         <kind>archive</kind>
         <file>rts430x_lc_sd_eabi.lib</file>
         <name>autoinit.c.obj</name>
      </input_file>
      <input_file id="fl-2e">
         <path>/Applications/ti/ccsv8/tools/compiler/ti-cgt-msp430_18.1.1.LTS/lib/</path>
         <kind>archive</kind>
         <file>rts430x_lc_sd_eabi.lib</file>
         <name>copy_zero_init.c.obj</name>
      </input_file>
      <input_file id="fl-2f">
         <path>/Applications/ti/ccsv8/tools/compiler/ti-cgt-msp430_18.1.1.LTS/lib/</path>
         <kind>archive</kind>
         <file>rts430x_lc_sd_eabi.lib</file>
         <name>cpy_tbl.c.obj</name>
      </input_file>
      <input_file id="fl-30">
         <path>/Applications/ti/ccsv8/tools/compiler/ti-cgt-msp430_18.1.1.LTS/lib/</path>
         <kind>archive</kind>
         <file>rts430x_lc_sd_eabi.lib</file>
         <name>mpu_init.c.obj</name>
      </input_file>
      <input_file id="fl-31">
         <path>/Applications/ti/ccsv8/tools/compiler/ti-cgt-msp430_18.1.1.LTS/lib/</path>
         <kind>archive</kind>
         <file>rts430x_lc_sd_eabi.lib</file>
         <name>pre_init.c.obj</name>
      </input_file>
      <input_file id="fl-32">
         <path>/Applications/ti/ccsv8/tools/compiler/ti-cgt-msp430_18.1.1.LTS/lib/</path>
         <kind>archive</kind>
         <file>rts430x_lc_sd_eabi.lib</file>
         <name>startup.c.obj</name>
      </input_file>
      <input_file id="fl-33">
         <path>/Applications/ti/ccsv8/tools/compiler/ti-cgt-msp430_18.1.1.LTS/lib/</path>
         <kind>archive</kind>
         <file>rts430x_lc_sd_eabi.lib</file>
         <name>copy_decompress_none.c.obj</name>
      </input_file>
      <input_file id="fl-34">
         <path>/Applications/ti/ccsv8/tools/compiler/ti-cgt-msp430_18.1.1.LTS/lib/</path>
         <kind>archive</kind>
         <file>rts430x_lc_sd_eabi.lib</file>
         <name>copy_decompress_lzss.c.obj</name>
      </input_file>
      <input_file id="fl-35">
         <path>/Applications/ti/ccsv8/tools/compiler/ti-cgt-msp430_18.1.1.LTS/lib/</path>
         <kind>archive</kind>
         <file>rts430x_lc_sd_eabi.lib</file>
         <name>addd.c.obj</name>
      </input_file>
      <input_file id="fl-36">
         <path>/Applications/ti/ccsv8/tools/compiler/ti-cgt-msp430_18.1.1.LTS/lib/</path>
         <kind>archive</kind>
         <file>rts430x_lc_sd_eabi.lib</file>
         <name>fixdli.c.obj</name>
      </input_file>
      <input_file id="fl-37">
         <path>/Applications/ti/ccsv8/tools/compiler/ti-cgt-msp430_18.1.1.LTS/lib/</path>
         <kind>archive</kind>
         <file>rts430x_lc_sd_eabi.lib</file>
         <name>fltid.c.obj</name>
      </input_file>
      <input_file id="fl-38">
         <path>/Applications/ti/ccsv8/tools/compiler/ti-cgt-msp430_18.1.1.LTS/lib/</path>
         <kind>archive</kind>
         <file>rts430x_lc_sd_eabi.lib</file>
         <name>fltlid.c.obj</name>
      </input_file>
      <input_file id="fl-39">
         <path>/Applications/ti/ccsv8/tools/compiler/ti-cgt-msp430_18.1.1.LTS/lib/</path>
         <kind>archive</kind>
         <file>rts430x_lc_sd_eabi.lib</file>
         <name>frcaddd.c.obj</name>
      </input_file>
      <input_file id="fl-3a">
         <path>/Applications/ti/ccsv8/tools/compiler/ti-cgt-msp430_18.1.1.LTS/lib/</path>
         <kind>archive</kind>
         <file>rts430x_lc_sd_eabi.lib</file>
         <name>mpyd.c.obj</name>
      </input_file>
      <input_file id="fl-3b">
         <path>/Applications/ti/ccsv8/tools/compiler/ti-cgt-msp430_18.1.1.LTS/lib/</path>
         <kind>archive</kind>
         <file>rts430x_lc_sd_eabi.lib</file>
         <name>renormd.c.obj</name>
      </input_file>
      <input_file id="fl-3c">
         <path>/Applications/ti/ccsv8/tools/compiler/ti-cgt-msp430_18.1.1.LTS/lib/</path>
         <kind>archive</kind>
         <file>rts430x_lc_sd_eabi.lib</file>
         <name>exit.c.obj</name>
      </input_file>
      <input_file id="fl-3d">
         <path>/Applications/ti/ccsv8/tools/compiler/ti-cgt-msp430_18.1.1.LTS/lib/</path>
         <kind>archive</kind>
         <file>rts430x_lc_sd_eabi.lib</file>
         <name>_lock.c.obj</name>
      </input_file>
      <input_file id="fl-3e">
         <path>/Applications/ti/ccsv8/tools/compiler/ti-cgt-msp430_18.1.1.LTS/lib/</path>
         <kind>archive</kind>
         <file>rts430x_lc_sd_eabi.lib</file>
         <name>args_main.c.obj</name>
      </input_file>
      <input_file id="fl-3f">
         <path>/Applications/ti/ccsv8/tools/compiler/ti-cgt-msp430_18.1.1.LTS/lib/</path>
         <kind>archive</kind>
         <file>rts430x_lc_sd_eabi.lib</file>
         <name>memcpy.c.obj</name>
      </input_file>
      <input_file id="fl-40">
         <path>/Applications/ti/ccsv8/tools/compiler/ti-cgt-msp430_18.1.1.LTS/lib/</path>
         <kind>archive</kind>
         <file>rts430x_lc_sd_eabi.lib</file>
         <name>asr32.asm.obj</name>
      </input_file>
      <input_file id="fl-41">
         <path>/Applications/ti/ccsv8/tools/compiler/ti-cgt-msp430_18.1.1.LTS/lib/</path>
         <kind>archive</kind>
         <file>rts430x_lc_sd_eabi.lib</file>
         <name>cpy_util.asm.obj</name>
      </input_file>
      <input_file id="fl-42">
         <path>/Applications/ti/ccsv8/tools/compiler/ti-cgt-msp430_18.1.1.LTS/lib/</path>
         <kind>archive</kind>
         <file>rts430x_lc_sd_eabi.lib</file>
         <name>lsl32.asm.obj</name>
      </input_file>
      <input_file id="fl-43">
         <path>/Applications/ti/ccsv8/tools/compiler/ti-cgt-msp430_18.1.1.LTS/lib/</path>
         <kind>archive</kind>
         <file>rts430x_lc_sd_eabi.lib</file>
         <name>lsr32.asm.obj</name>
      </input_file>
      <input_file id="fl-44">
         <path>/Applications/ti/ccsv8/tools/compiler/ti-cgt-msp430_18.1.1.LTS/lib/</path>
         <kind>archive</kind>
         <file>rts430x_lc_sd_eabi.lib</file>
         <name>mult16.asm.obj</name>
      </input_file>
      <input_file id="fl-45">
         <path>/Applications/ti/ccsv8/tools/compiler/ti-cgt-msp430_18.1.1.LTS/lib/</path>
         <kind>archive</kind>
         <file>rts430x_lc_sd_eabi.lib</file>
         <name>exit_gvars.c.obj</name>
      </input_file>
      <input_file id="fl-46">
         <path>/Applications/ti/ccsv8/tools/compiler/ti-cgt-msp430_18.1.1.LTS/lib/</path>
         <kind>archive</kind>
         <file>rts430x_lc_sd_eabi.lib</file>
         <name>lsr64.c.obj</name>
      </input_file>
      <input_file id="fl-47">
         <path>/Applications/ti/ccsv8/tools/compiler/ti-cgt-msp430_18.1.1.LTS/lib/</path>
         <kind>archive</kind>
         <file>rts430x_lc_sd_eabi.lib</file>
         <name>frcmpyd.c.obj</name>
      </input_file>
      <input_file id="fl-48">
         <path>/Applications/ti/ccsv8/tools/compiler/ti-cgt-msp430_18.1.1.LTS/lib/</path>
         <kind>archive</kind>
         <file>rts430x_lc_sd_eabi.lib</file>
         <name>mult32.asm.obj</name>
      </input_file>
   </input_file_list>
   <object_component_list>
      <object_component id="oc-53d">
         <name>.cinit..data.load</name>
         <load_address>0xc400</load_address>
         <run_address>0xc400</run_address>
         <size>0x9</size>
      </object_component>
      <object_component id="oc-53b">
         <name>__TI_handler_table</name>
         <load_address>0xc40a</load_address>
         <run_address>0xc40a</run_address>
         <size>0x8</size>
      </object_component>
      <object_component id="oc-53c">
         <name>__TI_cinit_table</name>
         <load_address>0xc412</load_address>
         <run_address>0xc412</run_address>
         <size>0x8</size>
      </object_component>
      <object_component id="oc-4d3">
         <name>.binit</name>
         <load_address>0xc41a</load_address>
         <run_address>0xc41a</run_address>
         <size>0x0</size>
      </object_component>
      <object_component id="oc-403">
         <name>.const:alphabet</name>
         <load_address>0xc41a</load_address>
         <run_address>0xc41a</run_address>
         <size>0x38</size>
         <input_file_ref idref="fl-1"/>
      </object_component>
      <object_component id="oc-470">
         <name>.const:.string:digit</name>
         <load_address>0xc452</load_address>
         <run_address>0xc452</run_address>
         <size>0xa</size>
         <input_file_ref idref="fl-1"/>
      </object_component>
      <object_component id="oc-3f7">
         <name>.const:.string:POS</name>
         <load_address>0xc45c</load_address>
         <run_address>0xc45c</run_address>
         <size>0x7</size>
         <input_file_ref idref="fl-1"/>
      </object_component>
      <object_component id="oc-355">
         <name>.text:__mspabi_addd</name>
         <load_address>0xc464</load_address>
         <run_address>0xc464</run_address>
         <size>0x2de</size>
         <input_file_ref idref="fl-35"/>
      </object_component>
      <object_component id="oc-3c6">
         <name>.text:__TI_frcmpyd</name>
         <load_address>0xc742</load_address>
         <run_address>0xc742</run_address>
         <size>0x280</size>
         <input_file_ref idref="fl-47"/>
      </object_component>
      <object_component id="oc-34f">
         <name>.text:__mspabi_mpyd</name>
         <load_address>0xc9c2</load_address>
         <run_address>0xc9c2</run_address>
         <size>0x264</size>
         <input_file_ref idref="fl-3a"/>
      </object_component>
      <object_component id="oc-3d3">
         <name>.text:__TI_frcaddd</name>
         <load_address>0xcc26</load_address>
         <run_address>0xcc26</run_address>
         <size>0x248</size>
         <input_file_ref idref="fl-39"/>
      </object_component>
      <object_component id="oc-361">
         <name>.text:LCD_Number</name>
         <load_address>0xce6e</load_address>
         <run_address>0xce6e</run_address>
         <size>0x14a</size>
         <input_file_ref idref="fl-1"/>
      </object_component>
      <object_component id="oc-30a">
         <name>.text:main</name>
         <load_address>0xcfb8</load_address>
         <run_address>0xcfb8</run_address>
         <size>0x112</size>
         <input_file_ref idref="fl-3"/>
      </object_component>
      <object_component id="oc-64">
         <name>.text:decompress:lzss:__TI_decompress_lzss</name>
         <load_address>0xd0ca</load_address>
         <run_address>0xd0ca</run_address>
         <size>0xee</size>
         <input_file_ref idref="fl-34"/>
      </object_component>
      <object_component id="oc-459">
         <name>.text:__TI_renormd</name>
         <load_address>0xd1b8</load_address>
         <run_address>0xd1b8</run_address>
         <size>0xb2</size>
         <input_file_ref idref="fl-3b"/>
      </object_component>
      <object_component id="oc-379">
         <name>.text:__mspabi_fltlid</name>
         <load_address>0xd26a</load_address>
         <run_address>0xd26a</run_address>
         <size>0x9e</size>
         <input_file_ref idref="fl-38"/>
      </object_component>
      <object_component id="oc-331">
         <name>.text:Init_GPIO</name>
         <load_address>0xd308</load_address>
         <run_address>0xd308</run_address>
         <size>0x96</size>
         <input_file_ref idref="fl-3"/>
      </object_component>
      <object_component id="oc-33d">
         <name>.text:Init_Temp</name>
         <load_address>0xd39e</load_address>
         <run_address>0xd39e</run_address>
         <size>0x8e</size>
         <input_file_ref idref="fl-2"/>
      </object_component>
      <object_component id="oc-3a4">
         <name>.text:__TI_auto_init_nobinit_nopinit_hold_wdt:__TI_auto_init_nobinit_nopinit_hold_wdt</name>
         <load_address>0xd42c</load_address>
         <run_address>0xd42c</run_address>
         <size>0x6a</size>
         <input_file_ref idref="fl-2d"/>
      </object_component>
      <object_component id="oc-35b">
         <name>.text:__mspabi_fixdli</name>
         <load_address>0xd496</load_address>
         <run_address>0xd496</run_address>
         <size>0x66</size>
         <input_file_ref idref="fl-36"/>
      </object_component>
      <object_component id="oc-467">
         <name>.text</name>
         <load_address>0xd4fc</load_address>
         <run_address>0xd4fc</run_address>
         <size>0x58</size>
         <input_file_ref idref="fl-1f"/>
      </object_component>
      <object_component id="oc-337">
         <name>.text:Init_Clock</name>
         <load_address>0xd554</load_address>
         <run_address>0xd554</run_address>
         <size>0x50</size>
         <input_file_ref idref="fl-3"/>
      </object_component>
      <object_component id="oc-343">
         <name>.text:LCD_Init</name>
         <load_address>0xd5a4</load_address>
         <run_address>0xd5a4</run_address>
         <size>0x50</size>
         <input_file_ref idref="fl-1"/>
      </object_component>
      <object_component id="oc-28a">
         <name>.text:__memcpy_far</name>
         <load_address>0xd5f4</load_address>
         <run_address>0xd5f4</run_address>
         <size>0x40</size>
         <input_file_ref idref="fl-41"/>
      </object_component>
      <object_component id="oc-3f2">
         <name>.text</name>
         <load_address>0xd634</load_address>
         <run_address>0xd634</run_address>
         <size>0x40</size>
         <input_file_ref idref="fl-1e"/>
      </object_component>
      <object_component id="oc-441">
         <name>.text:l_asr_const</name>
         <load_address>0xd674</load_address>
         <run_address>0xd674</run_address>
         <size>0x3e</size>
         <input_file_ref idref="fl-40"/>
      </object_component>
      <object_component id="oc-3db">
         <name>.text:l_lsl_const</name>
         <load_address>0xd6b2</load_address>
         <run_address>0xd6b2</run_address>
         <size>0x3e</size>
         <input_file_ref idref="fl-42"/>
      </object_component>
      <object_component id="oc-407">
         <name>.text:l_lsr_const</name>
         <load_address>0xd6f0</load_address>
         <run_address>0xd6f0</run_address>
         <size>0x3e</size>
         <input_file_ref idref="fl-43"/>
      </object_component>
      <object_component id="oc-2a7">
         <name>.text:_isr:ADC_ISR</name>
         <load_address>0xd72e</load_address>
         <run_address>0xd72e</run_address>
         <size>0x3c</size>
         <input_file_ref idref="fl-3"/>
      </object_component>
      <object_component id="oc-6a">
         <name>.text:decompress:none:__TI_decompress_none</name>
         <load_address>0xd76a</load_address>
         <run_address>0xd76a</run_address>
         <size>0x3c</size>
         <input_file_ref idref="fl-33"/>
      </object_component>
      <object_component id="oc-446">
         <name>.text</name>
         <load_address>0xd7a6</load_address>
         <run_address>0xd7a6</run_address>
         <size>0x26</size>
         <input_file_ref idref="fl-48"/>
      </object_component>
      <object_component id="oc-373">
         <name>.text:LCD_Letter</name>
         <load_address>0xd7cc</load_address>
         <run_address>0xd7cc</run_address>
         <size>0x22</size>
         <input_file_ref idref="fl-1"/>
      </object_component>
      <object_component id="oc-2bf">
         <name>.text:_isr:_c_int00_noargs</name>
         <load_address>0xd7ee</load_address>
         <run_address>0xd7ee</run_address>
         <size>0x1c</size>
         <input_file_ref idref="fl-2c"/>
      </object_component>
      <object_component id="oc-3e6">
         <name>.text:LCD_Clear</name>
         <load_address>0xd80a</load_address>
         <run_address>0xd80a</run_address>
         <size>0x18</size>
         <input_file_ref idref="fl-1"/>
      </object_component>
      <object_component id="oc-2a1">
         <name>.text:_isr:PORT1_ISR</name>
         <load_address>0xd822</load_address>
         <run_address>0xd822</run_address>
         <size>0x12</size>
         <input_file_ref idref="fl-3"/>
      </object_component>
      <object_component id="oc-454">
         <name>.text:l_asr</name>
         <load_address>0xd834</load_address>
         <run_address>0xd834</run_address>
         <size>0x10</size>
         <input_file_ref idref="fl-40"/>
      </object_component>
      <object_component id="oc-44f">
         <name>.text:l_lsl</name>
         <load_address>0xd844</load_address>
         <run_address>0xd844</run_address>
         <size>0x10</size>
         <input_file_ref idref="fl-42"/>
      </object_component>
      <object_component id="oc-3e0">
         <name>.text:l_lsr</name>
         <load_address>0xd854</load_address>
         <run_address>0xd854</run_address>
         <size>0x10</size>
         <input_file_ref idref="fl-43"/>
      </object_component>
      <object_component id="oc-36d">
         <name>.text:LCD_Decimal_Point</name>
         <load_address>0xd864</load_address>
         <run_address>0xd864</run_address>
         <size>0xc</size>
         <input_file_ref idref="fl-1"/>
      </object_component>
      <object_component id="oc-3fa">
         <name>.text:LCD_Digit</name>
         <load_address>0xd870</load_address>
         <run_address>0xd870</run_address>
         <size>0xc</size>
         <input_file_ref idref="fl-1"/>
      </object_component>
      <object_component id="oc-349">
         <name>.text:__mspabi_fltid</name>
         <load_address>0xd87c</load_address>
         <run_address>0xd87c</run_address>
         <size>0xc</size>
         <input_file_ref idref="fl-37"/>
      </object_component>
      <object_component id="oc-367">
         <name>.text:LCD_Degree_Symbol</name>
         <load_address>0xd888</load_address>
         <run_address>0xd888</run_address>
         <size>0xa</size>
         <input_file_ref idref="fl-1"/>
      </object_component>
      <object_component id="oc-3ec">
         <name>.text:LCD_Negative_Sign</name>
         <load_address>0xd892</load_address>
         <run_address>0xd892</run_address>
         <size>0xa</size>
         <input_file_ref idref="fl-1"/>
      </object_component>
      <object_component id="oc-29b">
         <name>.text:_isr:PORT2_ISR</name>
         <load_address>0xd89c</load_address>
         <run_address>0xd89c</run_address>
         <size>0xa</size>
         <input_file_ref idref="fl-3"/>
      </object_component>
      <object_component id="oc-296">
         <name>.text:_isr:__TI_ISR_TRAP</name>
         <load_address>0xd8a6</load_address>
         <run_address>0xd8a6</run_address>
         <size>0x8</size>
         <input_file_ref idref="fl-2b"/>
      </object_component>
      <object_component id="oc-380">
         <name>.text:abort</name>
         <load_address>0xd8ae</load_address>
         <run_address>0xd8ae</run_address>
         <size>0x6</size>
         <input_file_ref idref="fl-3c"/>
      </object_component>
      <object_component id="oc-304">
         <name>.text:_system_pre_init</name>
         <load_address>0xd8b4</load_address>
         <run_address>0xd8b4</run_address>
         <size>0x4</size>
         <input_file_ref idref="fl-31"/>
      </object_component>
      <object_component id="oc-420">
         <name>.text:_system_post_cinit</name>
         <load_address>0xd8b8</load_address>
         <run_address>0xd8b8</run_address>
         <size>0x2</size>
         <input_file_ref idref="fl-32"/>
      </object_component>
      <object_component id="oc-2f5">
         <name>.data</name>
         <load_address>0x2014</load_address>
         <run_address>0x2014</run_address>
         <size>0x1</size>
         <input_file_ref idref="fl-2"/>
      </object_component>
      <object_component id="oc-2f9">
         <name>.data</name>
         <load_address>0x2000</load_address>
         <run_address>0x2000</run_address>
         <size>0x14</size>
         <input_file_ref idref="fl-3"/>
      </object_component>
      <object_component id="oc-27b">
         <name>.stack</name>
         <uninitialized>true</uninitialized>
         <run_address>0x2760</run_address>
         <size>0x2</size>
         <input_file_ref idref="fl-2c"/>
      </object_component>
      <object_component id="oc-53e">
         <name>.stack</name>
         <uninitialized>true</uninitialized>
         <run_address>0x2760</run_address>
         <size>0x0</size>
      </object_component>
      <object_component id="oc-70">
         <name>.int45</name>
         <load_address>0xffe2</load_address>
         <run_address>0xffe2</run_address>
         <size>0x2</size>
         <input_file_ref idref="fl-20"/>
      </object_component>
      <object_component id="oc-71">
         <name>.int46</name>
         <load_address>0xffe4</load_address>
         <run_address>0xffe4</run_address>
         <size>0x2</size>
         <input_file_ref idref="fl-3"/>
      </object_component>
      <object_component id="oc-72">
         <name>.int47</name>
         <load_address>0xffe6</load_address>
         <run_address>0xffe6</run_address>
         <size>0x2</size>
         <input_file_ref idref="fl-3"/>
      </object_component>
      <object_component id="oc-73">
         <name>.int48</name>
         <load_address>0xffe8</load_address>
         <run_address>0xffe8</run_address>
         <size>0x2</size>
         <input_file_ref idref="fl-3"/>
      </object_component>
      <object_component id="oc-74">
         <name>.int49</name>
         <load_address>0xffea</load_address>
         <run_address>0xffea</run_address>
         <size>0x2</size>
         <input_file_ref idref="fl-21"/>
      </object_component>
      <object_component id="oc-75">
         <name>.int50</name>
         <load_address>0xffec</load_address>
         <run_address>0xffec</run_address>
         <size>0x2</size>
         <input_file_ref idref="fl-22"/>
      </object_component>
      <object_component id="oc-76">
         <name>.int51</name>
         <load_address>0xffee</load_address>
         <run_address>0xffee</run_address>
         <size>0x2</size>
         <input_file_ref idref="fl-23"/>
      </object_component>
      <object_component id="oc-77">
         <name>.int52</name>
         <load_address>0xfff0</load_address>
         <run_address>0xfff0</run_address>
         <size>0x2</size>
         <input_file_ref idref="fl-24"/>
      </object_component>
      <object_component id="oc-78">
         <name>.int53</name>
         <load_address>0xfff2</load_address>
         <run_address>0xfff2</run_address>
         <size>0x2</size>
         <input_file_ref idref="fl-25"/>
      </object_component>
      <object_component id="oc-79">
         <name>.int54</name>
         <load_address>0xfff4</load_address>
         <run_address>0xfff4</run_address>
         <size>0x2</size>
         <input_file_ref idref="fl-26"/>
      </object_component>
      <object_component id="oc-7a">
         <name>.int55</name>
         <load_address>0xfff6</load_address>
         <run_address>0xfff6</run_address>
         <size>0x2</size>
         <input_file_ref idref="fl-27"/>
      </object_component>
      <object_component id="oc-7b">
         <name>.int56</name>
         <load_address>0xfff8</load_address>
         <run_address>0xfff8</run_address>
         <size>0x2</size>
         <input_file_ref idref="fl-28"/>
      </object_component>
      <object_component id="oc-7c">
         <name>.int57</name>
         <load_address>0xfffa</load_address>
         <run_address>0xfffa</run_address>
         <size>0x2</size>
         <input_file_ref idref="fl-29"/>
      </object_component>
      <object_component id="oc-7d">
         <name>.int58</name>
         <load_address>0xfffc</load_address>
         <run_address>0xfffc</run_address>
         <size>0x2</size>
         <input_file_ref idref="fl-2a"/>
      </object_component>
      <object_component id="oc-27e">
         <name>.reset</name>
         <load_address>0xfffe</load_address>
         <run_address>0xfffe</run_address>
         <size>0x2</size>
         <input_file_ref idref="fl-2c"/>
      </object_component>
      <object_component id="oc-46f">
         <name>.debug_info</name>
         <load_address>0x0</load_address>
         <run_address>0x0</run_address>
         <size>0x2f6</size>
         <input_file_ref idref="fl-1"/>
      </object_component>
      <object_component id="oc-3f8">
         <name>.debug_info</name>
         <load_address>0x2f6</load_address>
         <run_address>0x2f6</run_address>
         <size>0xcc</size>
         <input_file_ref idref="fl-1"/>
      </object_component>
      <object_component id="oc-471">
         <name>.debug_info</name>
         <load_address>0x3c2</load_address>
         <run_address>0x3c2</run_address>
         <size>0xd0</size>
         <input_file_ref idref="fl-1"/>
      </object_component>
      <object_component id="oc-404">
         <name>.debug_info</name>
         <load_address>0x492</load_address>
         <run_address>0x492</run_address>
         <size>0xd6</size>
         <input_file_ref idref="fl-1"/>
      </object_component>
      <object_component id="oc-3e7">
         <name>.debug_info</name>
         <load_address>0x568</load_address>
         <run_address>0x568</run_address>
         <size>0x10b</size>
         <input_file_ref idref="fl-1"/>
      </object_component>
      <object_component id="oc-3ed">
         <name>.debug_info</name>
         <load_address>0x673</load_address>
         <run_address>0x673</run_address>
         <size>0x110</size>
         <input_file_ref idref="fl-1"/>
      </object_component>
      <object_component id="oc-3fb">
         <name>.debug_info</name>
         <load_address>0x783</load_address>
         <run_address>0x783</run_address>
         <size>0x138</size>
         <input_file_ref idref="fl-1"/>
      </object_component>
      <object_component id="oc-374">
         <name>.debug_info</name>
         <load_address>0x8bb</load_address>
         <run_address>0x8bb</run_address>
         <size>0x13a</size>
         <input_file_ref idref="fl-1"/>
      </object_component>
      <object_component id="oc-362">
         <name>.debug_info</name>
         <load_address>0x9f5</load_address>
         <run_address>0x9f5</run_address>
         <size>0x1ec</size>
         <input_file_ref idref="fl-1"/>
      </object_component>
      <object_component id="oc-344">
         <name>.debug_info</name>
         <load_address>0xbe1</load_address>
         <run_address>0xbe1</run_address>
         <size>0xfe</size>
         <input_file_ref idref="fl-1"/>
      </object_component>
      <object_component id="oc-368">
         <name>.debug_info</name>
         <load_address>0xcdf</load_address>
         <run_address>0xcdf</run_address>
         <size>0x110</size>
         <input_file_ref idref="fl-1"/>
      </object_component>
      <object_component id="oc-36e">
         <name>.debug_info</name>
         <load_address>0xdef</load_address>
         <run_address>0xdef</run_address>
         <size>0x12e</size>
         <input_file_ref idref="fl-1"/>
      </object_component>
      <object_component id="oc-285">
         <name>.debug_info</name>
         <load_address>0xf1d</load_address>
         <run_address>0xf1d</run_address>
         <size>0x84</size>
         <input_file_ref idref="fl-1"/>
      </object_component>
      <object_component id="oc-32d">
         <name>.debug_info</name>
         <load_address>0xfa1</load_address>
         <run_address>0xfa1</run_address>
         <size>0x2b6</size>
         <input_file_ref idref="fl-2"/>
      </object_component>
      <object_component id="oc-2f6">
         <name>.debug_info</name>
         <load_address>0x1257</load_address>
         <run_address>0x1257</run_address>
         <size>0xef</size>
         <input_file_ref idref="fl-2"/>
      </object_component>
      <object_component id="oc-33e">
         <name>.debug_info</name>
         <load_address>0x1346</load_address>
         <run_address>0x1346</run_address>
         <size>0x115</size>
         <input_file_ref idref="fl-2"/>
      </object_component>
      <object_component id="oc-2fa">
         <name>.debug_info</name>
         <load_address>0x145b</load_address>
         <run_address>0x145b</run_address>
         <size>0x156</size>
         <input_file_ref idref="fl-3"/>
      </object_component>
      <object_component id="oc-332">
         <name>.debug_info</name>
         <load_address>0x15b1</load_address>
         <run_address>0x15b1</run_address>
         <size>0x103</size>
         <input_file_ref idref="fl-3"/>
      </object_component>
      <object_component id="oc-338">
         <name>.debug_info</name>
         <load_address>0x16b4</load_address>
         <run_address>0x16b4</run_address>
         <size>0x105</size>
         <input_file_ref idref="fl-3"/>
      </object_component>
      <object_component id="oc-30b">
         <name>.debug_info</name>
         <load_address>0x17b9</load_address>
         <run_address>0x17b9</run_address>
         <size>0x256</size>
         <input_file_ref idref="fl-3"/>
      </object_component>
      <object_component id="oc-29c">
         <name>.debug_info</name>
         <load_address>0x1a0f</load_address>
         <run_address>0x1a0f</run_address>
         <size>0x104</size>
         <input_file_ref idref="fl-3"/>
      </object_component>
      <object_component id="oc-2a2">
         <name>.debug_info</name>
         <load_address>0x1b13</load_address>
         <run_address>0x1b13</run_address>
         <size>0x104</size>
         <input_file_ref idref="fl-3"/>
      </object_component>
      <object_component id="oc-2a8">
         <name>.debug_info</name>
         <load_address>0x1c17</load_address>
         <run_address>0x1c17</run_address>
         <size>0x100</size>
         <input_file_ref idref="fl-3"/>
      </object_component>
      <object_component id="oc-3f4">
         <name>.debug_info</name>
         <load_address>0x1d17</load_address>
         <run_address>0x1d17</run_address>
         <size>0x130</size>
         <input_file_ref idref="fl-1e"/>
      </object_component>
      <object_component id="oc-468">
         <name>.debug_info</name>
         <load_address>0x1e47</load_address>
         <run_address>0x1e47</run_address>
         <size>0x11b</size>
         <input_file_ref idref="fl-1f"/>
      </object_component>
      <object_component id="oc-297">
         <name>.debug_info</name>
         <load_address>0x1f62</load_address>
         <run_address>0x1f62</run_address>
         <size>0x107</size>
         <input_file_ref idref="fl-2b"/>
      </object_component>
      <object_component id="oc-27c">
         <name>.debug_info</name>
         <load_address>0x2069</load_address>
         <run_address>0x2069</run_address>
         <size>0xf5</size>
         <input_file_ref idref="fl-2c"/>
      </object_component>
      <object_component id="oc-2c0">
         <name>.debug_info</name>
         <load_address>0x215e</load_address>
         <run_address>0x215e</run_address>
         <size>0x16f</size>
         <input_file_ref idref="fl-2c"/>
      </object_component>
      <object_component id="oc-427">
         <name>.debug_info</name>
         <load_address>0x22cd</load_address>
         <run_address>0x22cd</run_address>
         <size>0x49d</size>
         <input_file_ref idref="fl-2d"/>
      </object_component>
      <object_component id="oc-3a5">
         <name>.debug_info</name>
         <load_address>0x276a</load_address>
         <run_address>0x276a</run_address>
         <size>0x20b</size>
         <input_file_ref idref="fl-2d"/>
      </object_component>
      <object_component id="oc-490">
         <name>.debug_info</name>
         <load_address>0x2975</load_address>
         <run_address>0x2975</run_address>
         <size>0x39</size>
         <input_file_ref idref="fl-2d"/>
      </object_component>
      <object_component id="oc-4a7">
         <name>.debug_info</name>
         <load_address>0x29ae</load_address>
         <run_address>0x29ae</run_address>
         <size>0x2c</size>
         <input_file_ref idref="fl-2d"/>
      </object_component>
      <object_component id="oc-432">
         <name>.debug_info</name>
         <load_address>0x29da</load_address>
         <run_address>0x29da</run_address>
         <size>0x2c</size>
         <input_file_ref idref="fl-2d"/>
      </object_component>
      <object_component id="oc-495">
         <name>.debug_info</name>
         <load_address>0x2a06</load_address>
         <run_address>0x2a06</run_address>
         <size>0xcd</size>
         <input_file_ref idref="fl-2d"/>
      </object_component>
      <object_component id="oc-305">
         <name>.debug_info</name>
         <load_address>0x2ad3</load_address>
         <run_address>0x2ad3</run_address>
         <size>0x148</size>
         <input_file_ref idref="fl-31"/>
      </object_component>
      <object_component id="oc-421">
         <name>.debug_info</name>
         <load_address>0x2c1b</load_address>
         <run_address>0x2c1b</run_address>
         <size>0x145</size>
         <input_file_ref idref="fl-32"/>
      </object_component>
      <object_component id="oc-295">
         <name>.debug_info</name>
         <load_address>0x2d60</load_address>
         <run_address>0x2d60</run_address>
         <size>0x1cf</size>
         <input_file_ref idref="fl-33"/>
      </object_component>
      <object_component id="oc-6b">
         <name>.debug_info</name>
         <load_address>0x2f2f</load_address>
         <run_address>0x2f2f</run_address>
         <size>0x1e7</size>
         <input_file_ref idref="fl-33"/>
      </object_component>
      <object_component id="oc-290">
         <name>.debug_info</name>
         <load_address>0x3116</load_address>
         <run_address>0x3116</run_address>
         <size>0x46</size>
         <input_file_ref idref="fl-33"/>
      </object_component>
      <object_component id="oc-65">
         <name>.debug_info</name>
         <load_address>0x315c</load_address>
         <run_address>0x315c</run_address>
         <size>0x2ad</size>
         <input_file_ref idref="fl-34"/>
      </object_component>
      <object_component id="oc-326">
         <name>.debug_info</name>
         <load_address>0x3409</load_address>
         <run_address>0x3409</run_address>
         <size>0x46</size>
         <input_file_ref idref="fl-34"/>
      </object_component>
      <object_component id="oc-2eb">
         <name>.debug_info</name>
         <load_address>0x344f</load_address>
         <run_address>0x344f</run_address>
         <size>0x39</size>
         <input_file_ref idref="fl-34"/>
      </object_component>
      <object_component id="oc-280">
         <name>.debug_info</name>
         <load_address>0x3488</load_address>
         <run_address>0x3488</run_address>
         <size>0x60</size>
         <input_file_ref idref="fl-34"/>
      </object_component>
      <object_component id="oc-3da">
         <name>.debug_info</name>
         <load_address>0x34e8</load_address>
         <run_address>0x34e8</run_address>
         <size>0x197</size>
         <input_file_ref idref="fl-35"/>
      </object_component>
      <object_component id="oc-356">
         <name>.debug_info</name>
         <load_address>0x367f</load_address>
         <run_address>0x367f</run_address>
         <size>0x21d</size>
         <input_file_ref idref="fl-35"/>
      </object_component>
      <object_component id="oc-3cd">
         <name>.debug_info</name>
         <load_address>0x389c</load_address>
         <run_address>0x389c</run_address>
         <size>0x94</size>
         <input_file_ref idref="fl-35"/>
      </object_component>
      <object_component id="oc-35c">
         <name>.debug_info</name>
         <load_address>0x3930</load_address>
         <run_address>0x3930</run_address>
         <size>0x1a5</size>
         <input_file_ref idref="fl-36"/>
      </object_component>
      <object_component id="oc-34b">
         <name>.debug_info</name>
         <load_address>0x3ad5</load_address>
         <run_address>0x3ad5</run_address>
         <size>0x15b</size>
         <input_file_ref idref="fl-37"/>
      </object_component>
      <object_component id="oc-40d">
         <name>.debug_info</name>
         <load_address>0x3c30</load_address>
         <run_address>0x3c30</run_address>
         <size>0x15b</size>
         <input_file_ref idref="fl-38"/>
      </object_component>
      <object_component id="oc-37a">
         <name>.debug_info</name>
         <load_address>0x3d8b</load_address>
         <run_address>0x3d8b</run_address>
         <size>0x1e8</size>
         <input_file_ref idref="fl-38"/>
      </object_component>
      <object_component id="oc-460">
         <name>.debug_info</name>
         <load_address>0x3f73</load_address>
         <run_address>0x3f73</run_address>
         <size>0x190</size>
         <input_file_ref idref="fl-39"/>
      </object_component>
      <object_component id="oc-3d6">
         <name>.debug_info</name>
         <load_address>0x4103</load_address>
         <run_address>0x4103</run_address>
         <size>0x2b1</size>
         <input_file_ref idref="fl-39"/>
      </object_component>
      <object_component id="oc-3d2">
         <name>.debug_info</name>
         <load_address>0x43b4</load_address>
         <run_address>0x43b4</run_address>
         <size>0x192</size>
         <input_file_ref idref="fl-3a"/>
      </object_component>
      <object_component id="oc-350">
         <name>.debug_info</name>
         <load_address>0x4546</load_address>
         <run_address>0x4546</run_address>
         <size>0x258</size>
         <input_file_ref idref="fl-3a"/>
      </object_component>
      <object_component id="oc-4b3">
         <name>.debug_info</name>
         <load_address>0x479e</load_address>
         <run_address>0x479e</run_address>
         <size>0x162</size>
         <input_file_ref idref="fl-3b"/>
      </object_component>
      <object_component id="oc-45a">
         <name>.debug_info</name>
         <load_address>0x4900</load_address>
         <run_address>0x4900</run_address>
         <size>0x1d2</size>
         <input_file_ref idref="fl-3b"/>
      </object_component>
      <object_component id="oc-382">
         <name>.debug_info</name>
         <load_address>0x4ad2</load_address>
         <run_address>0x4ad2</run_address>
         <size>0x117</size>
         <input_file_ref idref="fl-3c"/>
      </object_component>
      <object_component id="oc-455">
         <name>.debug_info</name>
         <load_address>0x4be9</load_address>
         <run_address>0x4be9</run_address>
         <size>0x118</size>
         <input_file_ref idref="fl-40"/>
      </object_component>
      <object_component id="oc-442">
         <name>.debug_info</name>
         <load_address>0x4d01</load_address>
         <run_address>0x4d01</run_address>
         <size>0x11e</size>
         <input_file_ref idref="fl-40"/>
      </object_component>
      <object_component id="oc-28c">
         <name>.debug_info</name>
         <load_address>0x4e1f</load_address>
         <run_address>0x4e1f</run_address>
         <size>0x119</size>
         <input_file_ref idref="fl-41"/>
      </object_component>
      <object_component id="oc-450">
         <name>.debug_info</name>
         <load_address>0x4f38</load_address>
         <run_address>0x4f38</run_address>
         <size>0x118</size>
         <input_file_ref idref="fl-42"/>
      </object_component>
      <object_component id="oc-3dc">
         <name>.debug_info</name>
         <load_address>0x5050</load_address>
         <run_address>0x5050</run_address>
         <size>0x11e</size>
         <input_file_ref idref="fl-42"/>
      </object_component>
      <object_component id="oc-3e1">
         <name>.debug_info</name>
         <load_address>0x516e</load_address>
         <run_address>0x516e</run_address>
         <size>0x118</size>
         <input_file_ref idref="fl-43"/>
      </object_component>
      <object_component id="oc-408">
         <name>.debug_info</name>
         <load_address>0x5286</load_address>
         <run_address>0x5286</run_address>
         <size>0x11e</size>
         <input_file_ref idref="fl-43"/>
      </object_component>
      <object_component id="oc-44c">
         <name>.debug_info</name>
         <load_address>0x53a4</load_address>
         <run_address>0x53a4</run_address>
         <size>0x162</size>
         <input_file_ref idref="fl-47"/>
      </object_component>
      <object_component id="oc-3c7">
         <name>.debug_info</name>
         <load_address>0x5506</load_address>
         <run_address>0x5506</run_address>
         <size>0x332</size>
         <input_file_ref idref="fl-47"/>
      </object_component>
      <object_component id="oc-447">
         <name>.debug_info</name>
         <load_address>0x5838</load_address>
         <run_address>0x5838</run_address>
         <size>0x119</size>
         <input_file_ref idref="fl-48"/>
      </object_component>
      <object_component id="oc-53f">
         <name>.debug_info</name>
         <load_address>0x5951</load_address>
         <run_address>0x5951</run_address>
         <size>0xa9</size>
      </object_component>
      <object_component id="oc-4b8">
         <name>.debug_line</name>
         <load_address>0x0</load_address>
         <run_address>0x0</run_address>
         <size>0x61</size>
         <input_file_ref idref="fl-1"/>
      </object_component>
      <object_component id="oc-46e">
         <name>.debug_line</name>
         <load_address>0x61</load_address>
         <run_address>0x61</run_address>
         <size>0x2c</size>
         <input_file_ref idref="fl-1"/>
      </object_component>
      <object_component id="oc-4ba">
         <name>.debug_line</name>
         <load_address>0x8d</load_address>
         <run_address>0x8d</run_address>
         <size>0x2c</size>
         <input_file_ref idref="fl-1"/>
      </object_component>
      <object_component id="oc-475">
         <name>.debug_line</name>
         <load_address>0xb9</load_address>
         <run_address>0xb9</run_address>
         <size>0x2c</size>
         <input_file_ref idref="fl-1"/>
      </object_component>
      <object_component id="oc-3ea">
         <name>.debug_line</name>
         <load_address>0xe5</load_address>
         <run_address>0xe5</run_address>
         <size>0x48</size>
         <input_file_ref idref="fl-1"/>
      </object_component>
      <object_component id="oc-3f0">
         <name>.debug_line</name>
         <load_address>0x12d</load_address>
         <run_address>0x12d</run_address>
         <size>0x42</size>
         <input_file_ref idref="fl-1"/>
      </object_component>
      <object_component id="oc-3fe">
         <name>.debug_line</name>
         <load_address>0x16f</load_address>
         <run_address>0x16f</run_address>
         <size>0x42</size>
         <input_file_ref idref="fl-1"/>
      </object_component>
      <object_component id="oc-377">
         <name>.debug_line</name>
         <load_address>0x1b1</load_address>
         <run_address>0x1b1</run_address>
         <size>0x43</size>
         <input_file_ref idref="fl-1"/>
      </object_component>
      <object_component id="oc-365">
         <name>.debug_line</name>
         <load_address>0x1f4</load_address>
         <run_address>0x1f4</run_address>
         <size>0x68</size>
         <input_file_ref idref="fl-1"/>
      </object_component>
      <object_component id="oc-347">
         <name>.debug_line</name>
         <load_address>0x25c</load_address>
         <run_address>0x25c</run_address>
         <size>0x50</size>
         <input_file_ref idref="fl-1"/>
      </object_component>
      <object_component id="oc-36b">
         <name>.debug_line</name>
         <load_address>0x2ac</load_address>
         <run_address>0x2ac</run_address>
         <size>0x42</size>
         <input_file_ref idref="fl-1"/>
      </object_component>
      <object_component id="oc-371">
         <name>.debug_line</name>
         <load_address>0x2ee</load_address>
         <run_address>0x2ee</run_address>
         <size>0x42</size>
         <input_file_ref idref="fl-1"/>
      </object_component>
      <object_component id="oc-288">
         <name>.debug_line</name>
         <load_address>0x330</load_address>
         <run_address>0x330</run_address>
         <size>0x20</size>
         <input_file_ref idref="fl-1"/>
      </object_component>
      <object_component id="oc-3c0">
         <name>.debug_line</name>
         <load_address>0x350</load_address>
         <run_address>0x350</run_address>
         <size>0x61</size>
         <input_file_ref idref="fl-2"/>
      </object_component>
      <object_component id="oc-32c">
         <name>.debug_line</name>
         <load_address>0x3b1</load_address>
         <run_address>0x3b1</run_address>
         <size>0x33</size>
         <input_file_ref idref="fl-2"/>
      </object_component>
      <object_component id="oc-341">
         <name>.debug_line</name>
         <load_address>0x3e4</load_address>
         <run_address>0x3e4</run_address>
         <size>0x5d</size>
         <input_file_ref idref="fl-2"/>
      </object_component>
      <object_component id="oc-32f">
         <name>.debug_line</name>
         <load_address>0x441</load_address>
         <run_address>0x441</run_address>
         <size>0x2d</size>
         <input_file_ref idref="fl-3"/>
      </object_component>
      <object_component id="oc-335">
         <name>.debug_line</name>
         <load_address>0x46e</load_address>
         <run_address>0x46e</run_address>
         <size>0x87</size>
         <input_file_ref idref="fl-3"/>
      </object_component>
      <object_component id="oc-33b">
         <name>.debug_line</name>
         <load_address>0x4f5</load_address>
         <run_address>0x4f5</run_address>
         <size>0x56</size>
         <input_file_ref idref="fl-3"/>
      </object_component>
      <object_component id="oc-30e">
         <name>.debug_line</name>
         <load_address>0x54b</load_address>
         <run_address>0x54b</run_address>
         <size>0x6d</size>
         <input_file_ref idref="fl-3"/>
      </object_component>
      <object_component id="oc-29f">
         <name>.debug_line</name>
         <load_address>0x5b8</load_address>
         <run_address>0x5b8</run_address>
         <size>0x43</size>
         <input_file_ref idref="fl-3"/>
      </object_component>
      <object_component id="oc-2a5">
         <name>.debug_line</name>
         <load_address>0x5fb</load_address>
         <run_address>0x5fb</run_address>
         <size>0x47</size>
         <input_file_ref idref="fl-3"/>
      </object_component>
      <object_component id="oc-2ab">
         <name>.debug_line</name>
         <load_address>0x642</load_address>
         <run_address>0x642</run_address>
         <size>0x55</size>
         <input_file_ref idref="fl-3"/>
      </object_component>
      <object_component id="oc-3f3">
         <name>.debug_line</name>
         <load_address>0x697</load_address>
         <run_address>0x697</run_address>
         <size>0x5a</size>
         <input_file_ref idref="fl-1e"/>
      </object_component>
      <object_component id="oc-46b">
         <name>.debug_line</name>
         <load_address>0x6f1</load_address>
         <run_address>0x6f1</run_address>
         <size>0x64</size>
         <input_file_ref idref="fl-1f"/>
      </object_component>
      <object_component id="oc-29a">
         <name>.debug_line</name>
         <load_address>0x755</load_address>
         <run_address>0x755</run_address>
         <size>0x3d</size>
         <input_file_ref idref="fl-2b"/>
      </object_component>
      <object_component id="oc-2ea">
         <name>.debug_line</name>
         <load_address>0x792</load_address>
         <run_address>0x792</run_address>
         <size>0x2a</size>
         <input_file_ref idref="fl-2c"/>
      </object_component>
      <object_component id="oc-2c3">
         <name>.debug_line</name>
         <load_address>0x7bc</load_address>
         <run_address>0x7bc</run_address>
         <size>0x46</size>
         <input_file_ref idref="fl-2c"/>
      </object_component>
      <object_component id="oc-48f">
         <name>.debug_line</name>
         <load_address>0x802</load_address>
         <run_address>0x802</run_address>
         <size>0xb7</size>
         <input_file_ref idref="fl-2d"/>
      </object_component>
      <object_component id="oc-3a8">
         <name>.debug_line</name>
         <load_address>0x8b9</load_address>
         <run_address>0x8b9</run_address>
         <size>0x83</size>
         <input_file_ref idref="fl-2d"/>
      </object_component>
      <object_component id="oc-493">
         <name>.debug_line</name>
         <load_address>0x93c</load_address>
         <run_address>0x93c</run_address>
         <size>0x2e</size>
         <input_file_ref idref="fl-2d"/>
      </object_component>
      <object_component id="oc-4aa">
         <name>.debug_line</name>
         <load_address>0x96a</load_address>
         <run_address>0x96a</run_address>
         <size>0x92</size>
         <input_file_ref idref="fl-2d"/>
      </object_component>
      <object_component id="oc-435">
         <name>.debug_line</name>
         <load_address>0x9fc</load_address>
         <run_address>0x9fc</run_address>
         <size>0x8f</size>
         <input_file_ref idref="fl-2d"/>
      </object_component>
      <object_component id="oc-498">
         <name>.debug_line</name>
         <load_address>0xa8b</load_address>
         <run_address>0xa8b</run_address>
         <size>0x8b</size>
         <input_file_ref idref="fl-2d"/>
      </object_component>
      <object_component id="oc-308">
         <name>.debug_line</name>
         <load_address>0xb16</load_address>
         <run_address>0xb16</run_address>
         <size>0x3e</size>
         <input_file_ref idref="fl-31"/>
      </object_component>
      <object_component id="oc-424">
         <name>.debug_line</name>
         <load_address>0xb54</load_address>
         <run_address>0xb54</run_address>
         <size>0x3a</size>
         <input_file_ref idref="fl-32"/>
      </object_component>
      <object_component id="oc-2f2">
         <name>.debug_line</name>
         <load_address>0xb8e</load_address>
         <run_address>0xb8e</run_address>
         <size>0x3a</size>
         <input_file_ref idref="fl-33"/>
      </object_component>
      <object_component id="oc-6e">
         <name>.debug_line</name>
         <load_address>0xbc8</load_address>
         <run_address>0xbc8</run_address>
         <size>0x50</size>
         <input_file_ref idref="fl-33"/>
      </object_component>
      <object_component id="oc-293">
         <name>.debug_line</name>
         <load_address>0xc18</load_address>
         <run_address>0xc18</run_address>
         <size>0x3a</size>
         <input_file_ref idref="fl-33"/>
      </object_component>
      <object_component id="oc-68">
         <name>.debug_line</name>
         <load_address>0xc52</load_address>
         <run_address>0xc52</run_address>
         <size>0x9d</size>
         <input_file_ref idref="fl-34"/>
      </object_component>
      <object_component id="oc-329">
         <name>.debug_line</name>
         <load_address>0xcef</load_address>
         <run_address>0xcef</run_address>
         <size>0x92</size>
         <input_file_ref idref="fl-34"/>
      </object_component>
      <object_component id="oc-2ee">
         <name>.debug_line</name>
         <load_address>0xd81</load_address>
         <run_address>0xd81</run_address>
         <size>0x8e</size>
         <input_file_ref idref="fl-34"/>
      </object_component>
      <object_component id="oc-283">
         <name>.debug_line</name>
         <load_address>0xe0f</load_address>
         <run_address>0xe0f</run_address>
         <size>0x3a</size>
         <input_file_ref idref="fl-34"/>
      </object_component>
      <object_component id="oc-462">
         <name>.debug_line</name>
         <load_address>0xe49</load_address>
         <run_address>0xe49</run_address>
         <size>0x2d</size>
         <input_file_ref idref="fl-35"/>
      </object_component>
      <object_component id="oc-359">
         <name>.debug_line</name>
         <load_address>0xe76</load_address>
         <run_address>0xe76</run_address>
         <size>0xc9</size>
         <input_file_ref idref="fl-35"/>
      </object_component>
      <object_component id="oc-3d0">
         <name>.debug_line</name>
         <load_address>0xf3f</load_address>
         <run_address>0xf3f</run_address>
         <size>0x2e</size>
         <input_file_ref idref="fl-35"/>
      </object_component>
      <object_component id="oc-35f">
         <name>.debug_line</name>
         <load_address>0xf6d</load_address>
         <run_address>0xf6d</run_address>
         <size>0x59</size>
         <input_file_ref idref="fl-36"/>
      </object_component>
      <object_component id="oc-34a">
         <name>.debug_line</name>
         <load_address>0xfc6</load_address>
         <run_address>0xfc6</run_address>
         <size>0x3d</size>
         <input_file_ref idref="fl-37"/>
      </object_component>
      <object_component id="oc-478">
         <name>.debug_line</name>
         <load_address>0x1003</load_address>
         <run_address>0x1003</run_address>
         <size>0x20</size>
         <input_file_ref idref="fl-38"/>
      </object_component>
      <object_component id="oc-37d">
         <name>.debug_line</name>
         <load_address>0x1023</load_address>
         <run_address>0x1023</run_address>
         <size>0x7c</size>
         <input_file_ref idref="fl-38"/>
      </object_component>
      <object_component id="oc-4b5">
         <name>.debug_line</name>
         <load_address>0x109f</load_address>
         <run_address>0x109f</run_address>
         <size>0x2d</size>
         <input_file_ref idref="fl-39"/>
      </object_component>
      <object_component id="oc-3d4">
         <name>.debug_line</name>
         <load_address>0x10cc</load_address>
         <run_address>0x10cc</run_address>
         <size>0xff</size>
         <input_file_ref idref="fl-39"/>
      </object_component>
      <object_component id="oc-44e">
         <name>.debug_line</name>
         <load_address>0x11cb</load_address>
         <run_address>0x11cb</run_address>
         <size>0x2d</size>
         <input_file_ref idref="fl-3a"/>
      </object_component>
      <object_component id="oc-353">
         <name>.debug_line</name>
         <load_address>0x11f8</load_address>
         <run_address>0x11f8</run_address>
         <size>0xfd</size>
         <input_file_ref idref="fl-3a"/>
      </object_component>
      <object_component id="oc-4d0">
         <name>.debug_line</name>
         <load_address>0x12f5</load_address>
         <run_address>0x12f5</run_address>
         <size>0x20</size>
         <input_file_ref idref="fl-3b"/>
      </object_component>
      <object_component id="oc-45d">
         <name>.debug_line</name>
         <load_address>0x1315</load_address>
         <run_address>0x1315</run_address>
         <size>0x82</size>
         <input_file_ref idref="fl-3b"/>
      </object_component>
      <object_component id="oc-384">
         <name>.debug_line</name>
         <load_address>0x1397</load_address>
         <run_address>0x1397</run_address>
         <size>0x3d</size>
         <input_file_ref idref="fl-3c"/>
      </object_component>
      <object_component id="oc-458">
         <name>.debug_line</name>
         <load_address>0x13d4</load_address>
         <run_address>0x13d4</run_address>
         <size>0x3e</size>
         <input_file_ref idref="fl-40"/>
      </object_component>
      <object_component id="oc-445">
         <name>.debug_line</name>
         <load_address>0x1412</load_address>
         <run_address>0x1412</run_address>
         <size>0x56</size>
         <input_file_ref idref="fl-40"/>
      </object_component>
      <object_component id="oc-28e">
         <name>.debug_line</name>
         <load_address>0x1468</load_address>
         <run_address>0x1468</run_address>
         <size>0x52</size>
         <input_file_ref idref="fl-41"/>
      </object_component>
      <object_component id="oc-453">
         <name>.debug_line</name>
         <load_address>0x14ba</load_address>
         <run_address>0x14ba</run_address>
         <size>0x3e</size>
         <input_file_ref idref="fl-42"/>
      </object_component>
      <object_component id="oc-3df">
         <name>.debug_line</name>
         <load_address>0x14f8</load_address>
         <run_address>0x14f8</run_address>
         <size>0x56</size>
         <input_file_ref idref="fl-42"/>
      </object_component>
      <object_component id="oc-3e4">
         <name>.debug_line</name>
         <load_address>0x154e</load_address>
         <run_address>0x154e</run_address>
         <size>0x41</size>
         <input_file_ref idref="fl-43"/>
      </object_component>
      <object_component id="oc-40b">
         <name>.debug_line</name>
         <load_address>0x158f</load_address>
         <run_address>0x158f</run_address>
         <size>0x56</size>
         <input_file_ref idref="fl-43"/>
      </object_component>
      <object_component id="oc-4af">
         <name>.debug_line</name>
         <load_address>0x15e5</load_address>
         <run_address>0x15e5</run_address>
         <size>0x20</size>
         <input_file_ref idref="fl-47"/>
      </object_component>
      <object_component id="oc-3ca">
         <name>.debug_line</name>
         <load_address>0x1605</load_address>
         <run_address>0x1605</run_address>
         <size>0x94</size>
         <input_file_ref idref="fl-47"/>
      </object_component>
      <object_component id="oc-44a">
         <name>.debug_line</name>
         <load_address>0x1699</load_address>
         <run_address>0x1699</run_address>
         <size>0x4b</size>
         <input_file_ref idref="fl-48"/>
      </object_component>
      <object_component id="oc-3eb">
         <name>.debug_frame</name>
         <load_address>0x0</load_address>
         <run_address>0x0</run_address>
         <size>0x3c</size>
         <input_file_ref idref="fl-1"/>
      </object_component>
      <object_component id="oc-3f1">
         <name>.debug_frame</name>
         <load_address>0x3c</load_address>
         <run_address>0x3c</run_address>
         <size>0x3c</size>
         <input_file_ref idref="fl-1"/>
      </object_component>
      <object_component id="oc-3ff">
         <name>.debug_frame</name>
         <load_address>0x78</load_address>
         <run_address>0x78</run_address>
         <size>0x3c</size>
         <input_file_ref idref="fl-1"/>
      </object_component>
      <object_component id="oc-378">
         <name>.debug_frame</name>
         <load_address>0xb4</load_address>
         <run_address>0xb4</run_address>
         <size>0x3c</size>
         <input_file_ref idref="fl-1"/>
      </object_component>
      <object_component id="oc-366">
         <name>.debug_frame</name>
         <load_address>0xf0</load_address>
         <run_address>0xf0</run_address>
         <size>0x4c</size>
         <input_file_ref idref="fl-1"/>
      </object_component>
      <object_component id="oc-348">
         <name>.debug_frame</name>
         <load_address>0x13c</load_address>
         <run_address>0x13c</run_address>
         <size>0x3c</size>
         <input_file_ref idref="fl-1"/>
      </object_component>
      <object_component id="oc-36c">
         <name>.debug_frame</name>
         <load_address>0x178</load_address>
         <run_address>0x178</run_address>
         <size>0x3c</size>
         <input_file_ref idref="fl-1"/>
      </object_component>
      <object_component id="oc-372">
         <name>.debug_frame</name>
         <load_address>0x1b4</load_address>
         <run_address>0x1b4</run_address>
         <size>0x3c</size>
         <input_file_ref idref="fl-1"/>
      </object_component>
      <object_component id="oc-342">
         <name>.debug_frame</name>
         <load_address>0x1f0</load_address>
         <run_address>0x1f0</run_address>
         <size>0x40</size>
         <input_file_ref idref="fl-2"/>
      </object_component>
      <object_component id="oc-336">
         <name>.debug_frame</name>
         <load_address>0x230</load_address>
         <run_address>0x230</run_address>
         <size>0x40</size>
         <input_file_ref idref="fl-3"/>
      </object_component>
      <object_component id="oc-33c">
         <name>.debug_frame</name>
         <load_address>0x270</load_address>
         <run_address>0x270</run_address>
         <size>0x3c</size>
         <input_file_ref idref="fl-3"/>
      </object_component>
      <object_component id="oc-30f">
         <name>.debug_frame</name>
         <load_address>0x2ac</load_address>
         <run_address>0x2ac</run_address>
         <size>0x44</size>
         <input_file_ref idref="fl-3"/>
      </object_component>
      <object_component id="oc-2a0">
         <name>.debug_frame</name>
         <load_address>0x2f0</load_address>
         <run_address>0x2f0</run_address>
         <size>0x44</size>
         <input_file_ref idref="fl-3"/>
      </object_component>
      <object_component id="oc-2a6">
         <name>.debug_frame</name>
         <load_address>0x334</load_address>
         <run_address>0x334</run_address>
         <size>0x3c</size>
         <input_file_ref idref="fl-3"/>
      </object_component>
      <object_component id="oc-2ac">
         <name>.debug_frame</name>
         <load_address>0x370</load_address>
         <run_address>0x370</run_address>
         <size>0x44</size>
         <input_file_ref idref="fl-3"/>
      </object_component>
      <object_component id="oc-2c4">
         <name>.debug_frame</name>
         <load_address>0x3b4</load_address>
         <run_address>0x3b4</run_address>
         <size>0x34</size>
         <input_file_ref idref="fl-2c"/>
      </object_component>
      <object_component id="oc-3a9">
         <name>.debug_frame</name>
         <load_address>0x3e8</load_address>
         <run_address>0x3e8</run_address>
         <size>0x48</size>
         <input_file_ref idref="fl-2d"/>
      </object_component>
      <object_component id="oc-309">
         <name>.debug_frame</name>
         <load_address>0x430</load_address>
         <run_address>0x430</run_address>
         <size>0x3c</size>
         <input_file_ref idref="fl-31"/>
      </object_component>
      <object_component id="oc-425">
         <name>.debug_frame</name>
         <load_address>0x46c</load_address>
         <run_address>0x46c</run_address>
         <size>0x3c</size>
         <input_file_ref idref="fl-32"/>
      </object_component>
      <object_component id="oc-6f">
         <name>.debug_frame</name>
         <load_address>0x4a8</load_address>
         <run_address>0x4a8</run_address>
         <size>0x48</size>
         <input_file_ref idref="fl-33"/>
      </object_component>
      <object_component id="oc-69">
         <name>.debug_frame</name>
         <load_address>0x4f0</load_address>
         <run_address>0x4f0</run_address>
         <size>0x6c</size>
         <input_file_ref idref="fl-34"/>
      </object_component>
      <object_component id="oc-35a">
         <name>.debug_frame</name>
         <load_address>0x55c</load_address>
         <run_address>0x55c</run_address>
         <size>0x54</size>
         <input_file_ref idref="fl-35"/>
      </object_component>
      <object_component id="oc-360">
         <name>.debug_frame</name>
         <load_address>0x5b0</load_address>
         <run_address>0x5b0</run_address>
         <size>0x44</size>
         <input_file_ref idref="fl-36"/>
      </object_component>
      <object_component id="oc-34e">
         <name>.debug_frame</name>
         <load_address>0x5f4</load_address>
         <run_address>0x5f4</run_address>
         <size>0x3c</size>
         <input_file_ref idref="fl-37"/>
      </object_component>
      <object_component id="oc-37e">
         <name>.debug_frame</name>
         <load_address>0x630</load_address>
         <run_address>0x630</run_address>
         <size>0x48</size>
         <input_file_ref idref="fl-38"/>
      </object_component>
      <object_component id="oc-3d5">
         <name>.debug_frame</name>
         <load_address>0x678</load_address>
         <run_address>0x678</run_address>
         <size>0x5c</size>
         <input_file_ref idref="fl-39"/>
      </object_component>
      <object_component id="oc-354">
         <name>.debug_frame</name>
         <load_address>0x6d4</load_address>
         <run_address>0x6d4</run_address>
         <size>0x54</size>
         <input_file_ref idref="fl-3a"/>
      </object_component>
      <object_component id="oc-45e">
         <name>.debug_frame</name>
         <load_address>0x728</load_address>
         <run_address>0x728</run_address>
         <size>0x50</size>
         <input_file_ref idref="fl-3b"/>
      </object_component>
      <object_component id="oc-385">
         <name>.debug_frame</name>
         <load_address>0x778</load_address>
         <run_address>0x778</run_address>
         <size>0x3c</size>
         <input_file_ref idref="fl-3c"/>
      </object_component>
      <object_component id="oc-3cb">
         <name>.debug_frame</name>
         <load_address>0x7b4</load_address>
         <run_address>0x7b4</run_address>
         <size>0x70</size>
         <input_file_ref idref="fl-47"/>
      </object_component>
      <object_component id="oc-4b7">
         <name>.debug_abbrev</name>
         <load_address>0x0</load_address>
         <run_address>0x0</run_address>
         <size>0x66</size>
         <input_file_ref idref="fl-1"/>
      </object_component>
      <object_component id="oc-46d">
         <name>.debug_abbrev</name>
         <load_address>0x66</load_address>
         <run_address>0x66</run_address>
         <size>0x29</size>
         <input_file_ref idref="fl-1"/>
      </object_component>
      <object_component id="oc-4b9">
         <name>.debug_abbrev</name>
         <load_address>0x8f</load_address>
         <run_address>0x8f</run_address>
         <size>0x29</size>
         <input_file_ref idref="fl-1"/>
      </object_component>
      <object_component id="oc-474">
         <name>.debug_abbrev</name>
         <load_address>0xb8</load_address>
         <run_address>0xb8</run_address>
         <size>0x29</size>
         <input_file_ref idref="fl-1"/>
      </object_component>
      <object_component id="oc-465">
         <name>.debug_abbrev</name>
         <load_address>0xe1</load_address>
         <run_address>0xe1</run_address>
         <size>0x5e</size>
         <input_file_ref idref="fl-1"/>
      </object_component>
      <object_component id="oc-466">
         <name>.debug_abbrev</name>
         <load_address>0x13f</load_address>
         <run_address>0x13f</run_address>
         <size>0x50</size>
         <input_file_ref idref="fl-1"/>
      </object_component>
      <object_component id="oc-473">
         <name>.debug_abbrev</name>
         <load_address>0x18f</load_address>
         <run_address>0x18f</run_address>
         <size>0x6c</size>
         <input_file_ref idref="fl-1"/>
      </object_component>
      <object_component id="oc-406">
         <name>.debug_abbrev</name>
         <load_address>0x1fb</load_address>
         <run_address>0x1fb</run_address>
         <size>0x6c</size>
         <input_file_ref idref="fl-1"/>
      </object_component>
      <object_component id="oc-400">
         <name>.debug_abbrev</name>
         <load_address>0x267</load_address>
         <run_address>0x267</run_address>
         <size>0x7a</size>
         <input_file_ref idref="fl-1"/>
      </object_component>
      <object_component id="oc-3c4">
         <name>.debug_abbrev</name>
         <load_address>0x2e1</load_address>
         <run_address>0x2e1</run_address>
         <size>0x50</size>
         <input_file_ref idref="fl-1"/>
      </object_component>
      <object_component id="oc-401">
         <name>.debug_abbrev</name>
         <load_address>0x331</load_address>
         <run_address>0x331</run_address>
         <size>0x50</size>
         <input_file_ref idref="fl-1"/>
      </object_component>
      <object_component id="oc-402">
         <name>.debug_abbrev</name>
         <load_address>0x381</load_address>
         <run_address>0x381</run_address>
         <size>0x6c</size>
         <input_file_ref idref="fl-1"/>
      </object_component>
      <object_component id="oc-287">
         <name>.debug_abbrev</name>
         <load_address>0x3ed</load_address>
         <run_address>0x3ed</run_address>
         <size>0x1f</size>
         <input_file_ref idref="fl-1"/>
      </object_component>
      <object_component id="oc-3bf">
         <name>.debug_abbrev</name>
         <load_address>0x40c</load_address>
         <run_address>0x40c</run_address>
         <size>0x61</size>
         <input_file_ref idref="fl-2"/>
      </object_component>
      <object_component id="oc-32b">
         <name>.debug_abbrev</name>
         <load_address>0x46d</load_address>
         <run_address>0x46d</run_address>
         <size>0x29</size>
         <input_file_ref idref="fl-2"/>
      </object_component>
      <object_component id="oc-3c3">
         <name>.debug_abbrev</name>
         <load_address>0x496</load_address>
         <run_address>0x496</run_address>
         <size>0x50</size>
         <input_file_ref idref="fl-2"/>
      </object_component>
      <object_component id="oc-32e">
         <name>.debug_abbrev</name>
         <load_address>0x4e6</load_address>
         <run_address>0x4e6</run_address>
         <size>0x29</size>
         <input_file_ref idref="fl-3"/>
      </object_component>
      <object_component id="oc-3c1">
         <name>.debug_abbrev</name>
         <load_address>0x50f</load_address>
         <run_address>0x50f</run_address>
         <size>0x50</size>
         <input_file_ref idref="fl-3"/>
      </object_component>
      <object_component id="oc-3c2">
         <name>.debug_abbrev</name>
         <load_address>0x55f</load_address>
         <run_address>0x55f</run_address>
         <size>0x50</size>
         <input_file_ref idref="fl-3"/>
      </object_component>
      <object_component id="oc-37f">
         <name>.debug_abbrev</name>
         <load_address>0x5af</load_address>
         <run_address>0x5af</run_address>
         <size>0x54</size>
         <input_file_ref idref="fl-3"/>
      </object_component>
      <object_component id="oc-2f4">
         <name>.debug_abbrev</name>
         <load_address>0x603</load_address>
         <run_address>0x603</run_address>
         <size>0x53</size>
         <input_file_ref idref="fl-3"/>
      </object_component>
      <object_component id="oc-2f8">
         <name>.debug_abbrev</name>
         <load_address>0x656</load_address>
         <run_address>0x656</run_address>
         <size>0x53</size>
         <input_file_ref idref="fl-3"/>
      </object_component>
      <object_component id="oc-2fc">
         <name>.debug_abbrev</name>
         <load_address>0x6a9</load_address>
         <run_address>0x6a9</run_address>
         <size>0x53</size>
         <input_file_ref idref="fl-3"/>
      </object_component>
      <object_component id="oc-46c">
         <name>.debug_abbrev</name>
         <load_address>0x6fc</load_address>
         <run_address>0x6fc</run_address>
         <size>0x4a</size>
         <input_file_ref idref="fl-1e"/>
      </object_component>
      <object_component id="oc-4b6">
         <name>.debug_abbrev</name>
         <load_address>0x746</load_address>
         <run_address>0x746</run_address>
         <size>0x3c</size>
         <input_file_ref idref="fl-1f"/>
      </object_component>
      <object_component id="oc-2f3">
         <name>.debug_abbrev</name>
         <load_address>0x782</load_address>
         <run_address>0x782</run_address>
         <size>0x28</size>
         <input_file_ref idref="fl-2b"/>
      </object_component>
      <object_component id="oc-2e9">
         <name>.debug_abbrev</name>
         <load_address>0x7aa</load_address>
         <run_address>0x7aa</run_address>
         <size>0x29</size>
         <input_file_ref idref="fl-2c"/>
      </object_component>
      <object_component id="oc-313">
         <name>.debug_abbrev</name>
         <load_address>0x7d3</load_address>
         <run_address>0x7d3</run_address>
         <size>0x58</size>
         <input_file_ref idref="fl-2c"/>
      </object_component>
      <object_component id="oc-48e">
         <name>.debug_abbrev</name>
         <load_address>0x82b</load_address>
         <run_address>0x82b</run_address>
         <size>0xed</size>
         <input_file_ref idref="fl-2d"/>
      </object_component>
      <object_component id="oc-431">
         <name>.debug_abbrev</name>
         <load_address>0x918</load_address>
         <run_address>0x918</run_address>
         <size>0x7e</size>
         <input_file_ref idref="fl-2d"/>
      </object_component>
      <object_component id="oc-492">
         <name>.debug_abbrev</name>
         <load_address>0x996</load_address>
         <run_address>0x996</run_address>
         <size>0x24</size>
         <input_file_ref idref="fl-2d"/>
      </object_component>
      <object_component id="oc-4a9">
         <name>.debug_abbrev</name>
         <load_address>0x9ba</load_address>
         <run_address>0x9ba</run_address>
         <size>0x24</size>
         <input_file_ref idref="fl-2d"/>
      </object_component>
      <object_component id="oc-434">
         <name>.debug_abbrev</name>
         <load_address>0x9de</load_address>
         <run_address>0x9de</run_address>
         <size>0x24</size>
         <input_file_ref idref="fl-2d"/>
      </object_component>
      <object_component id="oc-497">
         <name>.debug_abbrev</name>
         <load_address>0xa02</load_address>
         <run_address>0xa02</run_address>
         <size>0x4b</size>
         <input_file_ref idref="fl-2d"/>
      </object_component>
      <object_component id="oc-330">
         <name>.debug_abbrev</name>
         <load_address>0xa4d</load_address>
         <run_address>0xa4d</run_address>
         <size>0x55</size>
         <input_file_ref idref="fl-31"/>
      </object_component>
      <object_component id="oc-48d">
         <name>.debug_abbrev</name>
         <load_address>0xaa2</load_address>
         <run_address>0xaa2</run_address>
         <size>0x53</size>
         <input_file_ref idref="fl-32"/>
      </object_component>
      <object_component id="oc-2f1">
         <name>.debug_abbrev</name>
         <load_address>0xaf5</load_address>
         <run_address>0xaf5</run_address>
         <size>0x54</size>
         <input_file_ref idref="fl-33"/>
      </object_component>
      <object_component id="oc-28f">
         <name>.debug_abbrev</name>
         <load_address>0xb49</load_address>
         <run_address>0xb49</run_address>
         <size>0x7d</size>
         <input_file_ref idref="fl-33"/>
[...]
      <symbol id="sm-1f3">
         <name>UCB0IE_L</name>
         <value>0x56a</value>
      </symbol>
      <symbol id="sm-1f4">
         <name>UCB0IE_H</name>
         <value>0x56b</value>
      </symbol>
      <symbol id="sm-1f5">
         <name>UCB0IFG</name>
         <value>0x56c</value>
      </symbol>
      <symbol id="sm-1f6">
         <name>UCB0IFG_L</name>
         <value>0x56c</value>
      </symbol>
      <symbol id="sm-1f7">
         <name>UCB0IFG_H</name>
         <value>0x56d</value>
      </symbol>
      <symbol id="sm-1f8">
         <name>UCB0IV</name>
         <value>0x56e</value>
      </symbol>
      <symbol id="sm-1f9">
         <name>WDTCTL</name>
         <value>0x1cc</value>
      </symbol>
      <symbol id="sm-1fa">
         <name>WDTCTL_L</name>
         <value>0x1cc</value>
      </symbol>
      <symbol id="sm-1fb">
         <name>WDTCTL_H</name>
         <value>0x1cd</value>
      </symbol>
      <symbol id="sm-1fc">
         <name>__TI_CINIT_Base</name>
         <value>0xc412</value>
      </symbol>
      <symbol id="sm-1fd">
         <name>__TI_CINIT_Limit</name>
         <value>0xc41a</value>
      </symbol>
      <symbol id="sm-1fe">
         <name>__TI_Handler_Table_Base</name>
         <value>0xc40a</value>
      </symbol>
      <symbol id="sm-1ff">
         <name>__TI_Handler_Table_Limit</name>
         <value>0xc412</value>
      </symbol>
      <symbol id="sm-200">
         <name>__STACK_SIZE</name>
         <value>0xa0</value>
      </symbol>
      <symbol id="sm-201">
         <name>__STACK_END</name>
         <value>0x2800</value>
      </symbol>
      <symbol id="sm-202">
         <name>__c_args__</name>
         <value>0xffffffff</value>
      </symbol>
      <symbol id="sm-203">
         <name>__TI_pprof_out_hndl</name>
         <value>0xffffffff</value>
      </symbol>
      <symbol id="sm-204">
         <name>__TI_prof_data_start</name>
         <value>0xffffffff</value>
      </symbol>
      <symbol id="sm-205">
         <name>__TI_prof_data_size</name>
         <value>0xffffffff</value>
      </symbol>
      <symbol id="sm-2c9">
         <name>alphabet</name>
         <value>0xc41a</value>
         <object_component_ref idref="oc-403"/>
      </symbol>
      <symbol id="sm-2ca">
         <name>LCD_Number</name>
         <value>0xce6e</value>
         <object_component_ref idref="oc-361"/>
      </symbol>
      <symbol id="sm-2cb">
         <name>LCD_Digit</name>
         <value>0xd870</value>
         <object_component_ref idref="oc-3fa"/>
      </symbol>
      <symbol id="sm-2cc">
         <name>POS</name>
         <value>0xc45c</value>
         <object_component_ref idref="oc-3f7"/>
      </symbol>
      <symbol id="sm-2cd">
         <name>LCD_Init</name>
         <value>0xd5a4</value>
         <object_component_ref idref="oc-343"/>
      </symbol>
      <symbol id="sm-2ce">
         <name>LCD_Negative_Sign</name>
         <value>0xd892</value>
         <object_component_ref idref="oc-3ec"/>
      </symbol>
      <symbol id="sm-2cf">
         <name>LCD_Degree_Symbol</name>
         <value>0xd888</value>
         <object_component_ref idref="oc-367"/>
      </symbol>
      <symbol id="sm-2d0">
         <name>LCD_Clear</name>
         <value>0xd80a</value>
         <object_component_ref idref="oc-3e6"/>
      </symbol>
      <symbol id="sm-2d1">
         <name>LCD_Decimal_Point</name>
         <value>0xd864</value>
         <object_component_ref idref="oc-36d"/>
      </symbol>
      <symbol id="sm-2d2">
         <name>LCD_Letter</name>
         <value>0xd7cc</value>
         <object_component_ref idref="oc-373"/>
      </symbol>
      <symbol id="sm-2d3">
         <name>digit</name>
         <value>0xc452</value>
         <object_component_ref idref="oc-470"/>
      </symbol>
      <symbol id="sm-2e4">
         <name>tempSensorRunning</name>
         <value>0x2014</value>
         <object_component_ref idref="oc-2f5"/>
      </symbol>
      <symbol id="sm-2e5">
         <name>Init_Temp</name>
         <value>0xd39e</value>
         <object_component_ref idref="oc-33d"/>
      </symbol>
      <symbol id="sm-324">
         <name>temp</name>
         <value>0x2006</value>
         <object_component_ref idref="oc-2f9"/>
      </symbol>
      <symbol id="sm-325">
         <name>channel</name>
         <value>0x2000</value>
         <object_component_ref idref="oc-2f9"/>
      </symbol>
      <symbol id="sm-326">
         <name>ADC_ISR</name>
         <value>0xd72e</value>
         <object_component_ref idref="oc-2a7"/>
      </symbol>
      <symbol id="sm-327">
         <name>degC</name>
         <value>0x200c</value>
         <object_component_ref idref="oc-2f9"/>
      </symbol>
      <symbol id="sm-328">
         <name>Init_GPIO</name>
         <value>0xd308</value>
         <object_component_ref idref="oc-331"/>
      </symbol>
      <symbol id="sm-329">
         <name>__TI_int48</name>
         <value>0xffe8</value>
         <object_component_ref idref="oc-73"/>
      </symbol>
      <symbol id="sm-32a">
         <name>__TI_int46</name>
         <value>0xffe4</value>
         <object_component_ref idref="oc-71"/>
      </symbol>
      <symbol id="sm-32b">
         <name>__TI_int47</name>
         <value>0xffe6</value>
         <object_component_ref idref="oc-72"/>
      </symbol>
      <symbol id="sm-32c">
         <name>xd</name>
         <value>0x2010</value>
         <object_component_ref idref="oc-2f9"/>
      </symbol>
      <symbol id="sm-32d">
         <name>PORT1_ISR</name>
         <value>0xd822</value>
         <object_component_ref idref="oc-2a1"/>
      </symbol>
      <symbol id="sm-32e">
         <name>Init_Clock</name>
         <value>0xd554</value>
         <object_component_ref idref="oc-337"/>
      </symbol>
      <symbol id="sm-32f">
         <name>main</name>
         <value>0xcfb8</value>
         <object_component_ref idref="oc-30a"/>
      </symbol>
      <symbol id="sm-330">
         <name>PORT2_ISR</name>
         <value>0xd89c</value>
         <object_component_ref idref="oc-29b"/>
      </symbol>
      <symbol id="sm-331">
         <name>voltage</name>
         <value>0x2008</value>
         <object_component_ref idref="oc-2f9"/>
      </symbol>
      <symbol id="sm-332">
         <name>count</name>
         <value>0x2002</value>
         <object_component_ref idref="oc-2f9"/>
      </symbol>
      <symbol id="sm-33e">
         <name>__mspabi_remli</name>
         <value>0xd634</value>
         <object_component_ref idref="oc-3f2"/>
      </symbol>
      <symbol id="sm-33f">
         <name>__mspabi_divli</name>
         <value>0xd634</value>
         <object_component_ref idref="oc-3f2"/>
      </symbol>
      <symbol id="sm-34d">
         <name>__mspabi_remul</name>
         <value>0xd4fc</value>
         <object_component_ref idref="oc-467"/>
      </symbol>
      <symbol id="sm-34e">
         <name>__mspabi_divul</name>
         <value>0xd4fc</value>
         <object_component_ref idref="oc-467"/>
      </symbol>
      <symbol id="sm-351">
         <name>__TI_int45</name>
         <value>0xffe2</value>
         <object_component_ref idref="oc-70"/>
      </symbol>
      <symbol id="sm-354">
         <name>__TI_int49</name>
         <value>0xffea</value>
         <object_component_ref idref="oc-74"/>
      </symbol>
      <symbol id="sm-357">
         <name>__TI_int50</name>
         <value>0xffec</value>
         <object_component_ref idref="oc-75"/>
      </symbol>
      <symbol id="sm-35a">
         <name>__TI_int51</name>
         <value>0xffee</value>
         <object_component_ref idref="oc-76"/>
      </symbol>
      <symbol id="sm-35d">
         <name>__TI_int52</name>
         <value>0xfff0</value>
         <object_component_ref idref="oc-77"/>
      </symbol>
      <symbol id="sm-360">
         <name>__TI_int53</name>
         <value>0xfff2</value>
         <object_component_ref idref="oc-78"/>
      </symbol>
      <symbol id="sm-363">
         <name>__TI_int54</name>
         <value>0xfff4</value>
         <object_component_ref idref="oc-79"/>
      </symbol>
      <symbol id="sm-366">
         <name>__TI_int55</name>
         <value>0xfff6</value>
         <object_component_ref idref="oc-7a"/>
      </symbol>
      <symbol id="sm-369">
         <name>__TI_int56</name>
         <value>0xfff8</value>
         <object_component_ref idref="oc-7b"/>
      </symbol>
      <symbol id="sm-36c">
         <name>__TI_int57</name>
         <value>0xfffa</value>
         <object_component_ref idref="oc-7c"/>
      </symbol>
      <symbol id="sm-36f">
         <name>__TI_int58</name>
         <value>0xfffc</value>
         <object_component_ref idref="oc-7d"/>
      </symbol>
      <symbol id="sm-377">
         <name>__TI_ISR_TRAP</name>
         <value>0xd8a6</value>
         <object_component_ref idref="oc-296"/>
      </symbol>
      <symbol id="sm-387">
         <name>_stack</name>
         <value>0x2760</value>
         <object_component_ref idref="oc-27b"/>
      </symbol>
      <symbol id="sm-388">
         <name>_c_int00_noargs</name>
         <value>0xd7ee</value>
         <object_component_ref idref="oc-2bf"/>
      </symbol>
      <symbol id="sm-389">
         <name>_reset_vector</name>
         <value>0xfffe</value>
         <object_component_ref idref="oc-27e"/>
      </symbol>
      <symbol id="sm-3ab">
         <name>__TI_auto_init_nobinit_nopinit_hold_wdt</name>
         <value>0xd42c</value>
         <object_component_ref idref="oc-3a4"/>
      </symbol>
      <symbol id="sm-3b7">
         <name>_system_pre_init</name>
         <value>0xd8b4</value>
         <object_component_ref idref="oc-304"/>
      </symbol>
      <symbol id="sm-3c0">
         <name>_system_post_cinit</name>
         <value>0xd8b8</value>
         <object_component_ref idref="oc-420"/>
      </symbol>
      <symbol id="sm-3d1">
         <name>__TI_decompress_none</name>
         <value>0xd76a</value>
         <object_component_ref idref="oc-6a"/>
      </symbol>
      <symbol id="sm-3f2">
         <name>__TI_decompress_lzss</name>
         <value>0xd0ca</value>
         <object_component_ref idref="oc-64"/>
      </symbol>
      <symbol id="sm-419">
         <name>__mspabi_addd</name>
         <value>0xc464</value>
         <object_component_ref idref="oc-355"/>
      </symbol>
      <symbol id="sm-428">
         <name>__mspabi_fixdli</name>
         <value>0xd496</value>
         <object_component_ref idref="oc-35b"/>
      </symbol>
      <symbol id="sm-431">
         <name>__mspabi_fltid</name>
         <value>0xd87c</value>
         <object_component_ref idref="oc-349"/>
      </symbol>
      <symbol id="sm-449">
         <name>__mspabi_fltlid</name>
         <value>0xd26a</value>
         <object_component_ref idref="oc-379"/>
      </symbol>
      <symbol id="sm-46a">
         <name>__TI_frcaddd</name>
         <value>0xcc26</value>
         <object_component_ref idref="oc-3d3"/>
      </symbol>
      <symbol id="sm-48b">
         <name>__mspabi_mpyd</name>
         <value>0xc9c2</value>
         <object_component_ref idref="oc-34f"/>
      </symbol>
      <symbol id="sm-49f">
         <name>__TI_renormd</name>
         <value>0xd1b8</value>
         <object_component_ref idref="oc-459"/>
      </symbol>
      <symbol id="sm-4a9">
         <name>C$$EXIT</name>
         <value>0xd8ae</value>
         <object_component_ref idref="oc-380"/>
      </symbol>
      <symbol id="sm-4aa">
         <name>abort</name>
         <value>0xd8ae</value>
         <object_component_ref idref="oc-380"/>
      </symbol>
      <symbol id="sm-4bd">
         <name>__mspabi_sral</name>
         <value>0xd834</value>
         <object_component_ref idref="oc-454"/>
      </symbol>
      <symbol id="sm-4be">
         <name>__mspabi_sral_15</name>
         <value>0xd674</value>
         <object_component_ref idref="oc-441"/>
      </symbol>
      <symbol id="sm-4bf">
         <name>__mspabi_sral_14</name>
         <value>0xd678</value>
         <object_component_ref idref="oc-441"/>
      </symbol>
      <symbol id="sm-4c0">
         <name>__mspabi_sral_13</name>
         <value>0xd67c</value>
         <object_component_ref idref="oc-441"/>
      </symbol>
      <symbol id="sm-4c1">
         <name>__mspabi_sral_12</name>
         <value>0xd680</value>
         <object_component_ref idref="oc-441"/>
      </symbol>
      <symbol id="sm-4c2">
         <name>__mspabi_sral_11</name>
         <value>0xd684</value>
         <object_component_ref idref="oc-441"/>
      </symbol>
      <symbol id="sm-4c3">
         <name>__mspabi_sral_10</name>
         <value>0xd688</value>
         <object_component_ref idref="oc-441"/>
      </symbol>
      <symbol id="sm-4c4">
         <name>__mspabi_sral_8</name>
         <value>0xd690</value>
         <object_component_ref idref="oc-441"/>
      </symbol>
      <symbol id="sm-4c5">
         <name>__mspabi_sral_9</name>
         <value>0xd68c</value>
         <object_component_ref idref="oc-441"/>
      </symbol>
      <symbol id="sm-4c6">
         <name>__mspabi_sral_6</name>
         <value>0xd698</value>
         <object_component_ref idref="oc-441"/>
      </symbol>
      <symbol id="sm-4c7">
         <name>__mspabi_sral_7</name>
         <value>0xd694</value>
         <object_component_ref idref="oc-441"/>
      </symbol>
      <symbol id="sm-4c8">
         <name>__mspabi_sral_4</name>
         <value>0xd6a0</value>
         <object_component_ref idref="oc-441"/>
      </symbol>
      <symbol id="sm-4c9">
         <name>__mspabi_sral_5</name>
         <value>0xd69c</value>
         <object_component_ref idref="oc-441"/>
      </symbol>
      <symbol id="sm-4ca">
         <name>__mspabi_sral_2</name>
         <value>0xd6a8</value>
         <object_component_ref idref="oc-441"/>
      </symbol>
      <symbol id="sm-4cb">
         <name>__mspabi_sral_3</name>
         <value>0xd6a4</value>
         <object_component_ref idref="oc-441"/>
      </symbol>
      <symbol id="sm-4cc">
         <name>__mspabi_sral_1</name>
         <value>0xd6ac</value>
         <object_component_ref idref="oc-441"/>
      </symbol>
      <symbol id="sm-4d7">
         <name>__memcpy_far</name>
         <value>0xd5f4</value>
         <object_component_ref idref="oc-28a"/>
      </symbol>
      <symbol id="sm-4e7">
         <name>__mspabi_slll_9</name>
         <value>0xd6ca</value>
         <object_component_ref idref="oc-3db"/>
      </symbol>
      <symbol id="sm-4e8">
         <name>__mspabi_slll_8</name>
         <value>0xd6ce</value>
         <object_component_ref idref="oc-3db"/>
      </symbol>
      <symbol id="sm-4e9">
         <name>__mspabi_slll_7</name>
         <value>0xd6d2</value>
         <object_component_ref idref="oc-3db"/>
      </symbol>
      <symbol id="sm-4ea">
         <name>__mspabi_slll_6</name>
         <value>0xd6d6</value>
         <object_component_ref idref="oc-3db"/>
      </symbol>
      <symbol id="sm-4eb">
         <name>__mspabi_slll_5</name>
         <value>0xd6da</value>
         <object_component_ref idref="oc-3db"/>
      </symbol>
      <symbol id="sm-4ec">
         <name>__mspabi_slll_4</name>
         <value>0xd6de</value>
         <object_component_ref idref="oc-3db"/>
      </symbol>
      <symbol id="sm-4ed">
         <name>__mspabi_slll_3</name>
         <value>0xd6e2</value>
         <object_component_ref idref="oc-3db"/>
      </symbol>
      <symbol id="sm-4ee">
         <name>__mspabi_slll_2</name>
         <value>0xd6e6</value>
         <object_component_ref idref="oc-3db"/>
      </symbol>
      <symbol id="sm-4ef">
         <name>__mspabi_slll_1</name>
         <value>0xd6ea</value>
         <object_component_ref idref="oc-3db"/>
      </symbol>
      <symbol id="sm-4f0">
         <name>__mspabi_slll</name>
         <value>0xd844</value>
         <object_component_ref idref="oc-44f"/>
      </symbol>
      <symbol id="sm-4f1">
         <name>__mspabi_slll_15</name>
         <value>0xd6b2</value>
         <object_component_ref idref="oc-3db"/>
      </symbol>
      <symbol id="sm-4f2">
         <name>__mspabi_slll_14</name>
         <value>0xd6b6</value>
         <object_component_ref idref="oc-3db"/>
      </symbol>
      <symbol id="sm-4f3">
         <name>__mspabi_slll_13</name>
         <value>0xd6ba</value>
         <object_component_ref idref="oc-3db"/>
      </symbol>
      <symbol id="sm-4f4">
         <name>__mspabi_slll_12</name>
         <value>0xd6be</value>
         <object_component_ref idref="oc-3db"/>
      </symbol>
      <symbol id="sm-4f5">
         <name>__mspabi_slll_11</name>
         <value>0xd6c2</value>
         <object_component_ref idref="oc-3db"/>
      </symbol>
      <symbol id="sm-4f6">
         <name>__mspabi_slll_10</name>
         <value>0xd6c6</value>
         <object_component_ref idref="oc-3db"/>
      </symbol>
      <symbol id="sm-506">
         <name>__mspabi_srll_8</name>
         <value>0xd70c</value>
         <object_component_ref idref="oc-407"/>
      </symbol>
      <symbol id="sm-507">
         <name>__mspabi_srll_9</name>
         <value>0xd708</value>
         <object_component_ref idref="oc-407"/>
      </symbol>
      <symbol id="sm-508">
         <name>__mspabi_srll_6</name>
         <value>0xd714</value>
         <object_component_ref idref="oc-407"/>
      </symbol>
      <symbol id="sm-509">
         <name>__mspabi_srll_7</name>
         <value>0xd710</value>
         <object_component_ref idref="oc-407"/>
      </symbol>
      <symbol id="sm-50a">
         <name>__mspabi_srll_4</name>
         <value>0xd71c</value>
         <object_component_ref idref="oc-407"/>
      </symbol>
      <symbol id="sm-50b">
         <name>__mspabi_srll_5</name>
         <value>0xd718</value>
         <object_component_ref idref="oc-407"/>
      </symbol>
      <symbol id="sm-50c">
         <name>__mspabi_srll_2</name>
         <value>0xd724</value>
         <object_component_ref idref="oc-407"/>
      </symbol>
      <symbol id="sm-50d">
         <name>__mspabi_srll_3</name>
         <value>0xd720</value>
         <object_component_ref idref="oc-407"/>
      </symbol>
      <symbol id="sm-50e">
         <name>__mspabi_srll_1</name>
         <value>0xd728</value>
         <object_component_ref idref="oc-407"/>
      </symbol>
      <symbol id="sm-50f">
         <name>__mspabi_srll_15</name>
         <value>0xd6f0</value>
         <object_component_ref idref="oc-407"/>
      </symbol>
      <symbol id="sm-510">
         <name>__mspabi_srll_14</name>
         <value>0xd6f4</value>
         <object_component_ref idref="oc-407"/>
      </symbol>
      <symbol id="sm-511">
         <name>__mspabi_srll_13</name>
         <value>0xd6f8</value>
         <object_component_ref idref="oc-407"/>
      </symbol>
      <symbol id="sm-512">
         <name>__mspabi_srll_12</name>
         <value>0xd6fc</value>
         <object_component_ref idref="oc-407"/>
      </symbol>
      <symbol id="sm-513">
         <name>__mspabi_srll_11</name>
         <value>0xd700</value>
         <object_component_ref idref="oc-407"/>
      </symbol>
      <symbol id="sm-514">
         <name>__mspabi_srll_10</name>
         <value>0xd704</value>
         <object_component_ref idref="oc-407"/>
      </symbol>
      <symbol id="sm-515">
         <name>__mspabi_srll</name>
         <value>0xd854</value>
         <object_component_ref idref="oc-3e0"/>
      </symbol>
      <symbol id="sm-528">
         <name>__TI_frcmpyd</name>
         <value>0xc742</value>
         <object_component_ref idref="oc-3c6"/>
      </symbol>
      <symbol id="sm-532">
         <name>__mspabi_mpyl_sw</name>
         <value>0xd7a6</value>
         <object_component_ref idref="oc-446"/>
      </symbol>
      <symbol id="sm-533">
         <name>__mspabi_mpyl</name>
         <value>0xd7a6</value>
         <object_component_ref idref="oc-446"/>
      </symbol>
   </symbol_table>
   <title>Link successful</title>
</link_info>
