<?xml version="1.0" encoding="ISO-8859-1" ?>
<link_info>
   <banner>MSP430 Linker Unix v18.1.1.LTS</banner>
   <copyright>Copyright (c) 2003-2017 Texas Instruments Incorporated</copyright>
   <link_time>0x5b3622ca</link_time>
   <link_errors>0x0</link_errors>
   <output_file>LCD Test.out</output_file>
   <entry_point>
      <name>_c_int00_noargs</name>
      <address>0xd804</address>
   </entry_point>
   <input_file_list>
      <input_file id="fl-1">
         <path>./</path>
         <kind>object</kind>
         <file>LCD.obj</file>
         <name>LCD.obj</name>
      </input_file>
      <input_file id="fl-2">
         <path>./</path>
         <kind>object</kind>
         <file>TempSensor.obj</file>
         <name>TempSensor.obj</name>
      </input_file>
      <input_file id="fl-3">
         <path>./</path>
         <kind>object</kind>
         <file>main.obj</file>
         <name>main.obj</name>
      </input_file>
      <input_file id="fl-8">
         <kind>object</kind>
         <file>&lt;internal&gt;</file>
         <name>&lt;internal&gt;</name>
      </input_file>
      <input_file id="fl-1e">
         <path>/Applications/ti/ccsv8/tools/compiler/ti-cgt-msp430_18.1.1.LTS/lib/</path>
         <kind>archive</kind>
         <file>rts430x_lc_sd_eabi.lib</file>
         <name>div32s.asm.obj</name>
      </input_file>
      <input_file id="fl-1f">
         <path>/Applications/ti/ccsv8/tools/compiler/ti-cgt-msp430_18.1.1.LTS/lib/</path>
         <kind>archive</kind>
         <file>rts430x_lc_sd_eabi.lib</file>
         <name>div32u.asm.obj</name>
      </input_file>
      <input_file id="fl-20">
         <path>/Applications/ti/ccsv8/tools/compiler/ti-cgt-msp430_18.1.1.LTS/lib/</path>
         <kind>archive</kind>
         <file>rts430x_lc_sd_eabi.lib</file>
         <name>int45.asm.obj</name>
      </input_file>
      <input_file id="fl-21">
         <path>/Applications/ti/ccsv8/tools/compiler/ti-cgt-msp430_18.1.1.LTS/lib/</path>
         <kind>archive</kind>
         <file>rts430x_lc_sd_eabi.lib</file>
         <name>int49.asm.obj</name>
      </input_file>
      <input_file id="fl-22">
         <path>/Applications/ti/ccsv8/tools/compiler/ti-cgt-msp430_18.1.1.LTS/lib/</path>
         <kind>archive</kind>
         <file>rts430x_lc_sd_eabi.lib</file>
         <name>int50.asm.obj</name>
      </input_file>
      <input_file id="fl-23">
         <path>/Applications/ti/ccsv8/tools/compiler/ti-cgt-msp430_18.1.1.LTS/lib/</path>
         <kind>archive</kind>
         <file>rts430x_lc_sd_eabi.lib</file>
         <name>int51.asm.obj</name>
      </input_file>
      <input_file id="fl-24">
         <path>/Applications/ti/ccsv8/tools/compiler/ti-cgt-msp430_18.1.1.LTS/lib/</path>
         <kind>archive</kind>
         <file>rts430x_lc_sd_eabi.lib</file>
         <name>int52.asm.obj</name>
      </input_file>
      <input_file id="fl-25">
         <path>/Applications/ti/ccsv8/tools/compiler/ti-cgt-msp430_18.1.1.LTS/lib/</path>
         <kind>archive</kind>
         <file>rts430x_lc_sd_eabi.lib</file>
         <name>int53.asm.obj</name>
      </input_file>
      <input_file id="fl-26">
         <path>/Applications/ti/ccsv8/tools/compiler/ti-cgt-msp430_18.1.1.LTS/lib/</path>
         <kind>archive</kind>
         <file>rts430x_lc_sd_eabi.lib</file>
         <name>int54.asm.obj</name>
      </input_file>
      <input_file id="fl-27">
         <path>/Applications/ti/ccsv8/tools/compiler/ti-cgt-msp430_18.1.1.LTS/lib/</path>
         <kind>archive</kind>
         <file>rts430x_lc_sd_eabi.lib</file>
         <name>int55.asm.obj</name>
      </input_file>
      <input_file id="fl-28">
         <path>/Applications/ti/ccsv8/tools/compiler/ti-cgt-msp430_18.1.1.LTS/lib/</path>
         <kind>archive</kind>
         <file>rts430x_lc_sd_eabi.lib</file>
         <name>int56.asm.obj</name>
      </input_file>
      <input_file id="fl-29">
         <path>/Applications/ti/ccsv8/tools/compiler/ti-cgt-msp430_18.1.1.LTS/lib/</path>
         <kind>archive</kind>
         <file>rts430x_lc_sd_eabi.lib</file>
         <name>int57.asm.obj</name>
      </input_file>
      <input_file id="fl-2a">
         <path>/Applications/ti/ccsv8/tools/compiler/ti-cgt-msp430_18.1.1.LTS/lib/</path>
         <kind>archive</kind>
         <file>rts430x_lc_sd_eabi.lib</file>
         <name>int58.asm.obj</name>
      </input_file>
      <input_file id="fl-2b">
         <path>/Applications/ti/ccsv8/tools/compiler/ti-cgt-msp430_18.1.1.LTS/lib/</path>
         <kind>archive</kind>
         <file>rts430x_lc_sd_eabi.lib</file>
         <name>isr_trap.asm.obj</name>
      </input_file>
      <input_file id="fl-2c">
         <path>/Applications/ti/ccsv8/tools/compiler/ti-cgt-msp430_18.1.1.LTS/lib/</path>
         <kind>archive</kind>
         <file>rts430x_lc_sd_eabi.lib</file>
         <name>boot.c.obj</name>
      </input_file>
      <input_file id="fl-2d">
         <path>/Applications/ti/ccsv8/tools/compiler/ti-cgt-msp430_18.1.1.LTS/lib/</path>
         <kind>archive</kind>
         <file>rts430x_lc_sd_eabi.lib</file>
         <name>autoinit.c.obj</name>
      </input_file>
      <input_file id="fl-2e">
         <path>/Applications/ti/ccsv8/tools/compiler/ti-cgt-msp430_18.1.1.LTS/lib/</path>
         <kind>archive</kind>
         <file>rts430x_lc_sd_eabi.lib</file>
         <name>copy_zero_init.c.obj</name>
      </input_file>
      <input_file id="fl-2f">
         <path>/Applications/ti/ccsv8/tools/compiler/ti-cgt-msp430_18.1.1.LTS/lib/</path>
         <kind>archive</kind>
         <file>rts430x_lc_sd_eabi.lib</file>
         <name>cpy_tbl.c.obj</name>
      </input_file>
      <input_file id="fl-30">
         <path>/Applications/ti/ccsv8/tools/compiler/ti-cgt-msp430_18.1.1.LTS/lib/</path>
         <kind>archive</kind>
         <file>rts430x_lc_sd_eabi.lib</file>
         <name>mpu_init.c.obj</name>
      </input_file>
      <input_file id="fl-31">
         <path>/Applications/ti/ccsv8/tools/compiler/ti-cgt-msp430_18.1.1.LTS/lib/</path>
         <kind>archive</kind>
         <file>rts430x_lc_sd_eabi.lib</file>
         <name>pre_init.c.obj</name>
      </input_file>
      <input_file id="fl-32">
         <path>/Applications/ti/ccsv8/tools/compiler/ti-cgt-msp430_18.1.1.LTS/lib/</path>
         <kind>archive</kind>
         <file>rts430x_lc_sd_eabi.lib</file>
         <name>startup.c.obj</name>
      </input_file>
      <input_file id="fl-33">
         <path>/Applications/ti/ccsv8/tools/compiler/ti-cgt-msp430_18.1.1.LTS/lib/</path>
         <kind>archive</kind>
         <file>rts430x_lc_sd_eabi.lib</file>
         <name>copy_decompress_none.c.obj</name>
      </input_file>
      <input_file id="fl-34">
         <path>/Applications/ti/ccsv8/tools/compiler/ti-cgt-msp430_18.1.1.LTS/lib/</path>
         <kind>archive</kind>
         <file>rts430x_lc_sd_eabi.lib</file>
         <name>copy_decompress_lzss.c.obj</name>
      </input_file>
      <input_file id="fl-35">
         <path>/Applications/ti/ccsv8/tools/compiler/ti-cgt-msp430_18.1.1.LTS/lib/</path>
         <kind>archive</kind>
         <file>rts430x_lc_sd_eabi.lib</file>
         <name>addd.c.obj</name>
      </input_file>
      <input_file id="fl-36">
         <path>/Applications/ti/ccsv8/tools/compiler/ti-cgt-msp430_18.1.1.LTS/lib/</path>
         <kind>archive</kind>
         <file>rts430x_lc_sd_eabi.lib</file>
         <name>fixdli.c.obj</name>
      </input_file>
      <input_file id="fl-37">
         <path>/Applications/ti/ccsv8/tools/compiler/ti-cgt-msp430_18.1.1.LTS/lib/</path>
         <kind>archive</kind>
         <file>rts430x_lc_sd_eabi.lib</file>
         <name>fltid.c.obj</name>
      </input_file>
      <input_file id="fl-38">
         <path>/Applications/ti/ccsv8/tools/compiler/ti-cgt-msp430_18.1.1.LTS/lib/</path>
         <kind>archive</kind>
         <file>rts430x_lc_sd_eabi.lib</file>
         <name>fltlid.c.obj</name>
      </input_file>
      <input_file id="fl-39">
         <path>/Applications/ti/ccsv8/tools/compiler/ti-cgt-msp430_18.1.1.LTS/lib/</path>
         <kind>archive</kind>
         <file>rts430x_lc_sd_eabi.lib</file>
         <name>frcaddd.c.obj</name>
      </input_file>
      <input_file id="fl-3a">
         <path>/Applications/ti/ccsv8/tools/compiler/ti-cgt-msp430_18.1.1.LTS/lib/</path>
         <kind>archive</kind>
         <file>rts430x_lc_sd_eabi.lib</file>
         <name>mpyd.c.obj</name>
      </input_file>
      <input_file id="fl-3b">
         <path>/Applications/ti/ccsv8/tools/compiler/ti-cgt-msp430_18.1.1.LTS/lib/</path>
         <kind>archive</kind>
         <file>rts430x_lc_sd_eabi.lib</file>
         <name>renormd.c.obj</name>
      </input_file>
      <input_file id="fl-3c">
         <path>/Applications/ti/ccsv8/tools/compiler/ti-cgt-msp430_18.1.1.LTS/lib/</path>
         <kind>archive</kind>
         <file>rts430x_lc_sd_eabi.lib</file>
         <name>exit.c.obj</name>
      </input_file>
      <input_file id="fl-3d">
         <path>/Applications/ti/ccsv8/tools/compiler/ti-cgt-msp430_18.1.1.LTS/lib/</path>
         <kind>archive</kind>
         <file>rts430x_lc_sd_eabi.lib</file>
         <name>_lock.c.obj</name>
      </input_file>
      <input_file id="fl-3e">
         <path>/Applications/ti/ccsv8/tools/compiler/ti-cgt-msp430_18.1.1.LTS/lib/</path>
         <kind>archive</kind>
         <file>rts430x_lc_sd_eabi.lib</file>
         <name>args_main.c.obj</name>
      </input_file>
      <input_file id="fl-3f">
         <path>/Applications/ti/ccsv8/tools/compiler/ti-cgt-msp430_18.1.1.LTS/lib/</path>
         <kind>archive</kind>
         <file>rts430x_lc_sd_eabi.lib</file>
         <name>memcpy.c.obj</name>
      </input_file>
      <input_file id="fl-40">
         <path>/Applications/ti/ccsv8/tools/compiler/ti-cgt-msp430_18.1.1.LTS/lib/</path>
         <kind>archive</kind>
         <file>rts430x_lc_sd_eabi.lib</file>
         <name>asr32.asm.obj</name>
      </input_file>
      <input_file id="fl-41">
         <path>/Applications/ti/ccsv8/tools/compiler/ti-cgt-msp430_18.1.1.LTS/lib/</path>
         <kind>archive</kind>
         <file>rts430x_lc_sd_eabi.lib</file>
         <name>cpy_util.asm.obj</name>
      </input_file>
      <input_file id="fl-42">
         <path>/Applications/ti/ccsv8/tools/compiler/ti-cgt-msp430_18.1.1.LTS/lib/</path>
         <kind>archive</kind>
         <file>rts430x_lc_sd_eabi.lib</file>
         <name>lsl32.asm.obj</name>
      </input_file>
      <input_file id="fl-43">
         <path>/Applications/ti/ccsv8/tools/compiler/ti-cgt-msp430_18.1.1.LTS/lib/</path>
         <kind>archive</kind>
         <file>rts430x_lc_sd_eabi.lib</file>
         <name>lsr32.asm.obj</name>
      </input_file>
      <input_file id="fl-44">
         <path>/Applications/ti/ccsv8/tools/compiler/ti-cgt-msp430_18.1.1.LTS/lib/</path>
         <kind>archive</kind>
         <file>rts430x_lc_sd_eabi.lib</file>
         <name>mult16.asm.obj</name>
      </input_file>
      <input_file id="fl-45">
         <path>/Applications/ti/ccsv8/tools/compiler/ti-cgt-msp430_18.1.1.LTS/lib/</path>
         <kind>archive</kind>
         <file>rts430x_lc_sd_eabi.lib</file>
         <name>exit_gvars.c.obj</name>
      </input_file>
      <input_file id="fl-46">
         <path>/Applications/ti/ccsv8/tools/compiler/ti-cgt-msp430_18.1.1.LTS/lib/</path>
         <kind>archive</kind>
         <file>rts430x_lc_sd_eabi.lib</file>
         <name>lsr64.c.obj</name>
      </input_file>
      <input_file id="fl-47">
         <path>/Applications/ti/ccsv8/tools/compiler/ti-cgt-msp430_18.1.1.LTS/lib/</path>
         <kind>archive</kind>
         <file>rts430x_lc_sd_eabi.lib</file>
         <name>frcmpyd.c.obj</name>
      </input_file>
      <input_file id="fl-48">
         <path>/Applications/ti/ccsv8/tools/compiler/ti-cgt-msp430_18.1.1.LTS/lib/</path>
         <kind>archive</kind>
         <file>rts430x_lc_sd_eabi.lib</file>
         <name>mult32.asm.obj</name>
      </input_file>
   </input_file_list>
   <object_component_list>
      <object_component id="oc-547">
         <name>__TI_handler_table</name>
         <load_address>0xc400</load_address>
         <run_address>0xc400</run_address>
         <size>0xc</size>
      </object_component>
      <object_component id="oc-54a">
         <name>.cinit..data.load</name>
         <load_address>0xc40c</load_address>
         <run_address>0xc40c</run_address>
         <size>0x8</size>
      </object_component>
      <object_component id="oc-549">
         <name>.cinit..bss.load</name>
         <load_address>0xc414</load_address>
         <run_address>0xc414</run_address>
         <size>0x6</size>
      </object_component>
      <object_component id="oc-548">
         <name>__TI_cinit_table</name>
         <load_address>0xc41a</load_address>
         <run_address>0xc41a</run_address>
         <size>0x10</size>
      </object_component>
      <object_component id="oc-4df">
         <name>.binit</name>
         <load_address>0xc42a</load_address>
         <run_address>0xc42a</run_address>
         <size>0x0</size>
      </object_component>
      <object_component id="oc-410">
         <name>.const:alphabet</name>
         <load_address>0xc42a</load_address>
         <run_address>0xc42a</run_address>
         <size>0x38</size>
         <input_file_ref idref="fl-1"/>
      </object_component>
      <object_component id="oc-40a">
         <name>.const:.string:digit</name>
         <load_address>0xc462</load_address>
         <run_address>0xc462</run_address>
         <size>0xa</size>
         <input_file_ref idref="fl-1"/>
      </object_component>
      <object_component id="oc-401">
         <name>.const:.string:POS</name>
         <load_address>0xc46c</load_address>
         <run_address>0xc46c</run_address>
         <size>0x7</size>
         <input_file_ref idref="fl-1"/>
      </object_component>
      <object_component id="oc-37c">
         <name>.text:__mspabi_addd</name>
         <load_address>0xc474</load_address>
         <run_address>0xc474</run_address>
         <size>0x2de</size>
         <input_file_ref idref="fl-35"/>
      </object_component>
      <object_component id="oc-3e7">
         <name>.text:__TI_frcmpyd</name>
         <load_address>0xc752</load_address>
         <run_address>0xc752</run_address>
         <size>0x280</size>
         <input_file_ref idref="fl-47"/>
      </object_component>
      <object_component id="oc-352">
         <name>.text:__mspabi_mpyd</name>
         <load_address>0xc9d2</load_address>
         <run_address>0xc9d2</run_address>
         <size>0x264</size>
         <input_file_ref idref="fl-3a"/>
      </object_component>
      <object_component id="oc-415">
         <name>.text:__TI_frcaddd</name>
         <load_address>0xcc36</load_address>
         <run_address>0xcc36</run_address>
         <size>0x248</size>
         <input_file_ref idref="fl-39"/>
      </object_component>
      <object_component id="oc-30a">
         <name>.text:main</name>
         <load_address>0xce7e</load_address>
         <run_address>0xce7e</run_address>
         <size>0x162</size>
         <input_file_ref idref="fl-3"/>
      </object_component>
      <object_component id="oc-64">
         <name>.text:decompress:lzss:__TI_decompress_lzss</name>
         <load_address>0xcfe0</load_address>
         <run_address>0xcfe0</run_address>
         <size>0xee</size>
         <input_file_ref idref="fl-34"/>
      </object_component>
      <object_component id="oc-35e">
         <name>.text:LCD_Number</name>
         <load_address>0xd0ce</load_address>
         <run_address>0xd0ce</run_address>
         <size>0xda</size>
         <input_file_ref idref="fl-1"/>
      </object_component>
      <object_component id="oc-47f">
         <name>.text:__TI_renormd</name>
         <load_address>0xd1a8</load_address>
         <run_address>0xd1a8</run_address>
         <size>0xb2</size>
         <input_file_ref idref="fl-3b"/>
      </object_component>
      <object_component id="oc-34c">
         <name>.text:__mspabi_fltlid</name>
         <load_address>0xd25a</load_address>
         <run_address>0xd25a</run_address>
         <size>0x9e</size>
         <input_file_ref idref="fl-38"/>
      </object_component>
      <object_component id="oc-331">
         <name>.text:Init_GPIO</name>
         <load_address>0xd2f8</load_address>
         <run_address>0xd2f8</run_address>
         <size>0x96</size>
         <input_file_ref idref="fl-3"/>
      </object_component>
      <object_component id="oc-3cc">
         <name>.text:Init_ADC</name>
         <load_address>0xd38e</load_address>
         <run_address>0xd38e</run_address>
         <size>0x8c</size>
         <input_file_ref idref="fl-3"/>
      </object_component>
      <object_component id="oc-3ad">
         <name>.text:__TI_auto_init_nobinit_nopinit_hold_wdt:__TI_auto_init_nobinit_nopinit_hold_wdt</name>
         <load_address>0xd41a</load_address>
         <run_address>0xd41a</run_address>
         <size>0x6a</size>
         <input_file_ref idref="fl-2d"/>
      </object_component>
      <object_component id="oc-358">
         <name>.text:__mspabi_fixdli</name>
         <load_address>0xd484</load_address>
         <run_address>0xd484</run_address>
         <size>0x66</size>
         <input_file_ref idref="fl-36"/>
      </object_component>
      <object_component id="oc-469">
         <name>.text</name>
         <load_address>0xd4ea</load_address>
         <run_address>0xd4ea</run_address>
         <size>0x58</size>
         <input_file_ref idref="fl-1f"/>
      </object_component>
      <object_component id="oc-337">
         <name>.text:Init_Clock</name>
         <load_address>0xd542</load_address>
         <run_address>0xd542</run_address>
         <size>0x50</size>
         <input_file_ref idref="fl-3"/>
      </object_component>
      <object_component id="oc-343">
         <name>.text:LCD_Init</name>
         <load_address>0xd592</load_address>
         <run_address>0xd592</run_address>
         <size>0x50</size>
         <input_file_ref idref="fl-1"/>
      </object_component>
      <object_component id="oc-28a">
         <name>.text:__memcpy_far</name>
         <load_address>0xd5e2</load_address>
         <run_address>0xd5e2</run_address>
         <size>0x40</size>
         <input_file_ref idref="fl-41"/>
      </object_component>
      <object_component id="oc-404">
         <name>.text</name>
         <load_address>0xd622</load_address>
         <run_address>0xd622</run_address>
         <size>0x40</size>
         <input_file_ref idref="fl-1e"/>
      </object_component>
      <object_component id="oc-2ad">
         <name>.text:decompress:ZI:__TI_zero_init_nomemset:__TI_zero_init_nomemset</name>
         <load_address>0xd662</load_address>
         <run_address>0xd662</run_address>
         <size>0x3e</size>
         <input_file_ref idref="fl-2e"/>
      </object_component>
      <object_component id="oc-456">
         <name>.text:l_asr_const</name>
         <load_address>0xd6a0</load_address>
         <run_address>0xd6a0</run_address>
         <size>0x3e</size>
         <input_file_ref idref="fl-40"/>
      </object_component>
      <object_component id="oc-3d6">
         <name>.text:l_lsl_const</name>
         <load_address>0xd6de</load_address>
         <run_address>0xd6de</run_address>
         <size>0x3e</size>
         <input_file_ref idref="fl-42"/>
      </object_component>
      <object_component id="oc-3db">
         <name>.text:l_lsr_const</name>
         <load_address>0xd71c</load_address>
         <run_address>0xd71c</run_address>
         <size>0x3e</size>
         <input_file_ref idref="fl-43"/>
      </object_component>
      <object_component id="oc-6a">
         <name>.text:decompress:none:__TI_decompress_none</name>
         <load_address>0xd75a</load_address>
         <run_address>0xd75a</run_address>
         <size>0x3c</size>
         <input_file_ref idref="fl-33"/>
      </object_component>
      <object_component id="oc-2a7">
         <name>.text:_isr:ADC_ISR</name>
         <load_address>0xd796</load_address>
         <run_address>0xd796</run_address>
         <size>0x2c</size>
         <input_file_ref idref="fl-3"/>
      </object_component>
      <object_component id="oc-45b">
         <name>.text</name>
         <load_address>0xd7c2</load_address>
         <run_address>0xd7c2</run_address>
         <size>0x26</size>
         <input_file_ref idref="fl-48"/>
      </object_component>
      <object_component id="oc-370">
         <name>.text:LCD_Letter</name>
         <load_address>0xd7e8</load_address>
         <run_address>0xd7e8</run_address>
         <size>0x1c</size>
         <input_file_ref idref="fl-1"/>
      </object_component>
      <object_component id="oc-2bf">
         <name>.text:_isr:_c_int00_noargs</name>
         <load_address>0xd804</load_address>
         <run_address>0xd804</run_address>
         <size>0x1c</size>
         <input_file_ref idref="fl-2c"/>
      </object_component>
      <object_component id="oc-3f5">
         <name>.text:LCD_Clear</name>
         <load_address>0xd820</load_address>
         <run_address>0xd820</run_address>
         <size>0x16</size>
         <input_file_ref idref="fl-1"/>
      </object_component>
      <object_component id="oc-2a1">
         <name>.text:_isr:PORT1_ISR</name>
         <load_address>0xd836</load_address>
         <run_address>0xd836</run_address>
         <size>0x12</size>
         <input_file_ref idref="fl-3"/>
      </object_component>
      <object_component id="oc-47a">
         <name>.text:l_asr</name>
         <load_address>0xd848</load_address>
         <run_address>0xd848</run_address>
         <size>0x10</size>
         <input_file_ref idref="fl-40"/>
      </object_component>
      <object_component id="oc-475">
         <name>.text:l_lsl</name>
         <load_address>0xd858</load_address>
         <run_address>0xd858</run_address>
         <size>0x10</size>
         <input_file_ref idref="fl-42"/>
      </object_component>
      <object_component id="oc-3ef">
         <name>.text:l_lsr</name>
         <load_address>0xd868</load_address>
         <run_address>0xd868</run_address>
         <size>0x10</size>
         <input_file_ref idref="fl-43"/>
      </object_component>
      <object_component id="oc-33d">
         <name>.text:Init_Temp</name>
         <load_address>0xd878</load_address>
         <run_address>0xd878</run_address>
         <size>0xe</size>
         <input_file_ref idref="fl-2"/>
      </object_component>
      <object_component id="oc-36a">
         <name>.text:LCD_Decimal_Point</name>
         <load_address>0xd886</load_address>
         <run_address>0xd886</run_address>
         <size>0xc</size>
         <input_file_ref idref="fl-1"/>
      </object_component>
      <object_component id="oc-364">
         <name>.text:LCD_Digit</name>
         <load_address>0xd892</load_address>
         <run_address>0xd892</run_address>
         <size>0xc</size>
         <input_file_ref idref="fl-1"/>
      </object_component>
      <object_component id="oc-376">
         <name>.text:__mspabi_fltid</name>
         <load_address>0xd89e</load_address>
         <run_address>0xd89e</run_address>
         <size>0xc</size>
         <input_file_ref idref="fl-37"/>
      </object_component>
      <object_component id="oc-382">
         <name>.text:LCD_Degree_Symbol</name>
         <load_address>0xd8aa</load_address>
         <run_address>0xd8aa</run_address>
         <size>0xa</size>
         <input_file_ref idref="fl-1"/>
      </object_component>
      <object_component id="oc-3fb">
         <name>.text:LCD_Negative_Sign</name>
         <load_address>0xd8b4</load_address>
         <run_address>0xd8b4</run_address>
         <size>0xa</size>
         <input_file_ref idref="fl-1"/>
      </object_component>
      <object_component id="oc-29b">
         <name>.text:_isr:PORT2_ISR</name>
         <load_address>0xd8be</load_address>
         <run_address>0xd8be</run_address>
         <size>0xa</size>
         <input_file_ref idref="fl-3"/>
      </object_component>
      <object_component id="oc-296">
         <name>.text:_isr:__TI_ISR_TRAP</name>
         <load_address>0xd8c8</load_address>
         <run_address>0xd8c8</run_address>
         <size>0x8</size>
         <input_file_ref idref="fl-2b"/>
      </object_component>
      <object_component id="oc-389">
         <name>.text:abort</name>
         <load_address>0xd8d0</load_address>
         <run_address>0xd8d0</run_address>
         <size>0x6</size>
         <input_file_ref idref="fl-3c"/>
      </object_component>
      <object_component id="oc-304">
         <name>.text:_system_pre_init</name>
         <load_address>0xd8d6</load_address>
         <run_address>0xd8d6</run_address>
         <size>0x4</size>
         <input_file_ref idref="fl-31"/>
      </object_component>
      <object_component id="oc-430">
         <name>.text:_system_post_cinit</name>
         <load_address>0xd8da</load_address>
         <run_address>0xd8da</run_address>
         <size>0x2</size>
         <input_file_ref idref="fl-32"/>
      </object_component>
      <object_component id="oc-349">
         <name>.common:adc_val</name>
         <uninitialized>true</uninitialized>
         <run_address>0x2012</run_address>
         <size>0x4</size>
      </object_component>
      <object_component id="oc-2f5">
         <name>.data</name>
         <load_address>0x2010</load_address>
         <run_address>0x2010</run_address>
         <size>0x1</size>
         <input_file_ref idref="fl-2"/>
      </object_component>
      <object_component id="oc-2f9">
         <name>.data</name>
         <load_address>0x2000</load_address>
         <run_address>0x2000</run_address>
         <size>0x10</size>
         <input_file_ref idref="fl-3"/>
      </object_component>
      <object_component id="oc-27b">
         <name>.stack</name>
         <uninitialized>true</uninitialized>
         <run_address>0x2760</run_address>
         <size>0x2</size>
         <input_file_ref idref="fl-2c"/>
      </object_component>
      <object_component id="oc-54b">
         <name>.stack</name>
         <uninitialized>true</uninitialized>
         <run_address>0x2760</run_address>
         <size>0x0</size>
      </object_component>
      <object_component id="oc-70">
         <name>.int45</name>
         <load_address>0xffe2</load_address>
         <run_address>0xffe2</run_address>
         <size>0x2</size>
         <input_file_ref idref="fl-20"/>
      </object_component>
      <object_component id="oc-71">
         <name>.int46</name>
         <load_address>0xffe4</load_address>
         <run_address>0xffe4</run_address>
         <size>0x2</size>
         <input_file_ref idref="fl-3"/>
      </object_component>
      <object_component id="oc-72">
         <name>.int47</name>
         <load_address>0xffe6</load_address>
         <run_address>0xffe6</run_address>
         <size>0x2</size>
         <input_file_ref idref="fl-3"/>
      </object_component>
      <object_component id="oc-73">
         <name>.int48</name>
         <load_address>0xffe8</load_address>
         <run_address>0xffe8</run_address>
         <size>0x2</size>
         <input_file_ref idref="fl-3"/>
      </object_component>
      <object_component id="oc-74">
         <name>.int49</name>
         <load_address>0xffea</load_address>
         <run_address>0xffea</run_address>
         <size>0x2</size>
         <input_file_ref idref="fl-21"/>
      </object_component>
      <object_component id="oc-75">
         <name>.int50</name>
         <load_address>0xffec</load_address>
         <run_address>0xffec</run_address>
         <size>0x2</size>
         <input_file_ref idref="fl-22"/>
      </object_component>
      <object_component id="oc-76">
         <name>.int51</name>
         <load_address>0xffee</load_address>
         <run_address>0xffee</run_address>
         <size>0x2</size>
         <input_file_ref idref="fl-23"/>
      </object_component>
      <object_component id="oc-77">
         <name>.int52</name>
         <load_address>0xfff0</load_address>
         <run_address>0xfff0</run_address>
         <size>0x2</size>
         <input_file_ref idref="fl-24"/>
      </object_component>
      <object_component id="oc-78">
         <name>.int53</name>
         <load_address>0xfff2</load_address>
         <run_address>0xfff2</run_address>
         <size>0x2</size>
         <input_file_ref idref="fl-25"/>
      </object_component>
      <object_component id="oc-79">
         <name>.int54</name>
         <load_address>0xfff4</load_address>
         <run_address>0xfff4</run_address>
         <size>0x2</size>
         <input_file_ref idref="fl-26"/>
      </object_component>
      <object_component id="oc-7a">
         <name>.int55</name>
         <load_address>0xfff6</load_address>
         <run_address>0xfff6</run_address>
         <size>0x2</size>
         <input_file_ref idref="fl-27"/>
      </object_component>
      <object_component id="oc-7b">
         <name>.int56</name>
         <load_address>0xfff8</load_address>
         <run_address>0xfff8</run_address>
         <size>0x2</size>
         <input_file_ref idref="fl-28"/>
      </object_component>
      <object_component id="oc-7c">
         <name>.int57</name>
         <load_address>0xfffa</load_address>
         <run_address>0xfffa</run_address>
         <size>0x2</size>
         <input_file_ref idref="fl-29"/>
      </object_component>
      <object_component id="oc-7d">
         <name>.int58</name>
         <load_address>0xfffc</load_address>
         <run_address>0xfffc</run_address>
         <size>0x2</size>
         <input_file_ref idref="fl-2a"/>
      </object_component>
      <object_component id="oc-27e">
         <name>.reset</name>
         <load_address>0xfffe</load_address>
         <run_address>0xfffe</run_address>
         <size>0x2</size>
         <input_file_ref idref="fl-2c"/>
      </object_component>
      <object_component id="oc-40e">
         <name>.debug_info</name>
         <load_address>0x0</load_address>
         <run_address>0x0</run_address>
         <size>0x2f8</size>
         <input_file_ref idref="fl-1"/>
      </object_component>
      <object_component id="oc-402">
         <name>.debug_info</name>
         <load_address>0x2f8</load_address>
         <run_address>0x2f8</run_address>
         <size>0xce</size>
         <input_file_ref idref="fl-1"/>
      </object_component>
      <object_component id="oc-40b">
         <name>.debug_info</name>
         <load_address>0x3c6</load_address>
         <run_address>0x3c6</run_address>
         <size>0xd2</size>
         <input_file_ref idref="fl-1"/>
      </object_component>
      <object_component id="oc-411">
         <name>.debug_info</name>
         <load_address>0x498</load_address>
         <run_address>0x498</run_address>
         <size>0xd8</size>
         <input_file_ref idref="fl-1"/>
      </object_component>
      <object_component id="oc-3f6">
         <name>.debug_info</name>
         <load_address>0x570</load_address>
         <run_address>0x570</run_address>
         <size>0x102</size>
         <input_file_ref idref="fl-1"/>
      </object_component>
      <object_component id="oc-3fc">
         <name>.debug_info</name>
         <load_address>0x672</load_address>
         <run_address>0x672</run_address>
         <size>0x112</size>
         <input_file_ref idref="fl-1"/>
      </object_component>
      <object_component id="oc-365">
         <name>.debug_info</name>
         <load_address>0x784</load_address>
         <run_address>0x784</run_address>
         <size>0x13a</size>
         <input_file_ref idref="fl-1"/>
      </object_component>
      <object_component id="oc-371">
         <name>.debug_info</name>
         <load_address>0x8be</load_address>
         <run_address>0x8be</run_address>
         <size>0x13c</size>
         <input_file_ref idref="fl-1"/>
      </object_component>
      <object_component id="oc-35f">
         <name>.debug_info</name>
         <load_address>0x9fa</load_address>
         <run_address>0x9fa</run_address>
         <size>0x1d3</size>
         <input_file_ref idref="fl-1"/>
      </object_component>
      <object_component id="oc-344">
         <name>.debug_info</name>
         <load_address>0xbcd</load_address>
         <run_address>0xbcd</run_address>
         <size>0x100</size>
         <input_file_ref idref="fl-1"/>
      </object_component>
      <object_component id="oc-383">
         <name>.debug_info</name>
         <load_address>0xccd</load_address>
         <run_address>0xccd</run_address>
         <size>0x112</size>
         <input_file_ref idref="fl-1"/>
      </object_component>
      <object_component id="oc-36b">
         <name>.debug_info</name>
         <load_address>0xddf</load_address>
         <run_address>0xddf</run_address>
         <size>0x130</size>
         <input_file_ref idref="fl-1"/>
      </object_component>
      <object_component id="oc-285">
         <name>.debug_info</name>
         <load_address>0xf0f</load_address>
         <run_address>0xf0f</run_address>
         <size>0x84</size>
         <input_file_ref idref="fl-1"/>
      </object_component>
      <object_component id="oc-32d">
         <name>.debug_info</name>
         <load_address>0xf93</load_address>
         <run_address>0xf93</run_address>
         <size>0x170</size>
         <input_file_ref idref="fl-2"/>
      </object_component>
      <object_component id="oc-2f6">
         <name>.debug_info</name>
         <load_address>0x1103</load_address>
         <run_address>0x1103</run_address>
         <size>0xf1</size>
         <input_file_ref idref="fl-2"/>
      </object_component>
      <object_component id="oc-33e">
         <name>.debug_info</name>
         <load_address>0x11f4</load_address>
         <run_address>0x11f4</run_address>
         <size>0x126</size>
         <input_file_ref idref="fl-2"/>
      </object_component>
      <object_component id="oc-34a">
         <name>.debug_info</name>
         <load_address>0x131a</load_address>
         <run_address>0x131a</run_address>
         <size>0x8bd</size>
         <input_file_ref idref="fl-3"/>
      </object_component>
      <object_component id="oc-2fa">
         <name>.debug_info</name>
         <load_address>0x1bd7</load_address>
         <run_address>0x1bd7</run_address>
         <size>0x143</size>
         <input_file_ref idref="fl-3"/>
      </object_component>
      <object_component id="oc-332">
         <name>.debug_info</name>
         <load_address>0x1d1a</load_address>
         <run_address>0x1d1a</run_address>
         <size>0x105</size>
         <input_file_ref idref="fl-3"/>
      </object_component>
      <object_component id="oc-338">
         <name>.debug_info</name>
         <load_address>0x1e1f</load_address>
         <run_address>0x1e1f</run_address>
         <size>0x107</size>
         <input_file_ref idref="fl-3"/>
      </object_component>
      <object_component id="oc-30b">
         <name>.debug_info</name>
         <load_address>0x1f26</load_address>
         <run_address>0x1f26</run_address>
         <size>0x29b</size>
         <input_file_ref idref="fl-3"/>
      </object_component>
      <object_component id="oc-29c">
         <name>.debug_info</name>
         <load_address>0x21c1</load_address>
         <run_address>0x21c1</run_address>
         <size>0x109</size>
         <input_file_ref idref="fl-3"/>
      </object_component>
      <object_component id="oc-2a2">
         <name>.debug_info</name>
         <load_address>0x22ca</load_address>
         <run_address>0x22ca</run_address>
         <size>0x106</size>
         <input_file_ref idref="fl-3"/>
      </object_component>
      <object_component id="oc-3cd">
         <name>.debug_info</name>
         <load_address>0x23d0</load_address>
         <run_address>0x23d0</run_address>
         <size>0x103</size>
         <input_file_ref idref="fl-3"/>
      </object_component>
      <object_component id="oc-2a8">
         <name>.debug_info</name>
         <load_address>0x24d3</load_address>
         <run_address>0x24d3</run_address>
         <size>0x10b</size>
         <input_file_ref idref="fl-3"/>
      </object_component>
      <object_component id="oc-405">
         <name>.debug_info</name>
         <load_address>0x25de</load_address>
         <run_address>0x25de</run_address>
         <size>0x130</size>
         <input_file_ref idref="fl-1e"/>
      </object_component>
      <object_component id="oc-46a">
         <name>.debug_info</name>
         <load_address>0x270e</load_address>
         <run_address>0x270e</run_address>
         <size>0x11b</size>
         <input_file_ref idref="fl-1f"/>
      </object_component>
      <object_component id="oc-297">
         <name>.debug_info</name>
         <load_address>0x2829</load_address>
         <run_address>0x2829</run_address>
         <size>0x107</size>
         <input_file_ref idref="fl-2b"/>
      </object_component>
      <object_component id="oc-27c">
         <name>.debug_info</name>
         <load_address>0x2930</load_address>
         <run_address>0x2930</run_address>
         <size>0xf5</size>
         <input_file_ref idref="fl-2c"/>
      </object_component>
      <object_component id="oc-2c0">
         <name>.debug_info</name>
         <load_address>0x2a25</load_address>
         <run_address>0x2a25</run_address>
         <size>0x16f</size>
         <input_file_ref idref="fl-2c"/>
      </object_component>
      <object_component id="oc-437">
         <name>.debug_info</name>
         <load_address>0x2b94</load_address>
         <run_address>0x2b94</run_address>
         <size>0x49d</size>
         <input_file_ref idref="fl-2d"/>
      </object_component>
      <object_component id="oc-3ae">
         <name>.debug_info</name>
         <load_address>0x3031</load_address>
         <run_address>0x3031</run_address>
         <size>0x20b</size>
         <input_file_ref idref="fl-2d"/>
      </object_component>
      <object_component id="oc-4a0">
         <name>.debug_info</name>
         <load_address>0x323c</load_address>
         <run_address>0x323c</run_address>
         <size>0x39</size>
         <input_file_ref idref="fl-2d"/>
      </object_component>
      <object_component id="oc-4b7">
         <name>.debug_info</name>
         <load_address>0x3275</load_address>
         <run_address>0x3275</run_address>
         <size>0x2c</size>
         <input_file_ref idref="fl-2d"/>
      </object_component>
      <object_component id="oc-442">
         <name>.debug_info</name>
         <load_address>0x32a1</load_address>
         <run_address>0x32a1</run_address>
         <size>0x2c</size>
         <input_file_ref idref="fl-2d"/>
      </object_component>
      <object_component id="oc-4a5">
         <name>.debug_info</name>
         <load_address>0x32cd</load_address>
         <run_address>0x32cd</run_address>
         <size>0xcd</size>
         <input_file_ref idref="fl-2d"/>
      </object_component>
      <object_component id="oc-2ae">
         <name>.debug_info</name>
         <load_address>0x339a</load_address>
         <run_address>0x339a</run_address>
         <size>0x1c8</size>
         <input_file_ref idref="fl-2e"/>
      </object_component>
      <object_component id="oc-2fe">
         <name>.debug_info</name>
         <load_address>0x3562</load_address>
         <run_address>0x3562</run_address>
         <size>0x46</size>
         <input_file_ref idref="fl-2e"/>
      </object_component>
      <object_component id="oc-305">
         <name>.debug_info</name>
         <load_address>0x35a8</load_address>
         <run_address>0x35a8</run_address>
         <size>0x148</size>
         <input_file_ref idref="fl-31"/>
      </object_component>
      <object_component id="oc-431">
         <name>.debug_info</name>
         <load_address>0x36f0</load_address>
         <run_address>0x36f0</run_address>
         <size>0x145</size>
         <input_file_ref idref="fl-32"/>
      </object_component>
      <object_component id="oc-295">
         <name>.debug_info</name>
         <load_address>0x3835</load_address>
         <run_address>0x3835</run_address>
         <size>0x1cf</size>
         <input_file_ref idref="fl-33"/>
      </object_component>
      <object_component id="oc-6b">
         <name>.debug_info</name>
         <load_address>0x3a04</load_address>
         <run_address>0x3a04</run_address>
         <size>0x1e7</size>
         <input_file_ref idref="fl-33"/>
      </object_component>
      <object_component id="oc-290">
         <name>.debug_info</name>
         <load_address>0x3beb</load_address>
         <run_address>0x3beb</run_address>
         <size>0x46</size>
         <input_file_ref idref="fl-33"/>
      </object_component>
      <object_component id="oc-65">
         <name>.debug_info</name>
         <load_address>0x3c31</load_address>
         <run_address>0x3c31</run_address>
         <size>0x2ad</size>
         <input_file_ref idref="fl-34"/>
      </object_component>
      <object_component id="oc-326">
         <name>.debug_info</name>
         <load_address>0x3ede</load_address>
         <run_address>0x3ede</run_address>
         <size>0x46</size>
         <input_file_ref idref="fl-34"/>
      </object_component>
      <object_component id="oc-2eb">
         <name>.debug_info</name>
         <load_address>0x3f24</load_address>
         <run_address>0x3f24</run_address>
         <size>0x39</size>
         <input_file_ref idref="fl-34"/>
      </object_component>
      <object_component id="oc-280">
         <name>.debug_info</name>
         <load_address>0x3f5d</load_address>
         <run_address>0x3f5d</run_address>
         <size>0x60</size>
         <input_file_ref idref="fl-34"/>
      </object_component>
      <object_component id="oc-41c">
         <name>.debug_info</name>
         <load_address>0x3fbd</load_address>
         <run_address>0x3fbd</run_address>
         <size>0x197</size>
         <input_file_ref idref="fl-35"/>
      </object_component>
      <object_component id="oc-37d">
         <name>.debug_info</name>
         <load_address>0x4154</load_address>
         <run_address>0x4154</run_address>
         <size>0x21d</size>
         <input_file_ref idref="fl-35"/>
      </object_component>
      <object_component id="oc-3e2">
         <name>.debug_info</name>
         <load_address>0x4371</load_address>
         <run_address>0x4371</run_address>
         <size>0x94</size>
         <input_file_ref idref="fl-35"/>
      </object_component>
      <object_component id="oc-359">
         <name>.debug_info</name>
         <load_address>0x4405</load_address>
         <run_address>0x4405</run_address>
         <size>0x1a5</size>
         <input_file_ref idref="fl-36"/>
      </object_component>
      <object_component id="oc-37a">
         <name>.debug_info</name>
         <load_address>0x45aa</load_address>
         <run_address>0x45aa</run_address>
         <size>0x15b</size>
         <input_file_ref idref="fl-37"/>
      </object_component>
      <object_component id="oc-3e1">
         <name>.debug_info</name>
         <load_address>0x4705</load_address>
         <run_address>0x4705</run_address>
         <size>0x15b</size>
         <input_file_ref idref="fl-38"/>
      </object_component>
      <object_component id="oc-34f">
         <name>.debug_info</name>
         <load_address>0x4860</load_address>
         <run_address>0x4860</run_address>
         <size>0x1e8</size>
         <input_file_ref idref="fl-38"/>
      </object_component>
      <object_component id="oc-486">
         <name>.debug_info</name>
         <load_address>0x4a48</load_address>
         <run_address>0x4a48</run_address>
         <size>0x190</size>
         <input_file_ref idref="fl-39"/>
      </object_component>
      <object_component id="oc-418">
         <name>.debug_info</name>
         <load_address>0x4bd8</load_address>
         <run_address>0x4bd8</run_address>
         <size>0x2b1</size>
         <input_file_ref idref="fl-39"/>
      </object_component>
      <object_component id="oc-3ee">
         <name>.debug_info</name>
         <load_address>0x4e89</load_address>
         <run_address>0x4e89</run_address>
         <size>0x192</size>
         <input_file_ref idref="fl-3a"/>
      </object_component>
      <object_component id="oc-354">
         <name>.debug_info</name>
         <load_address>0x501b</load_address>
         <run_address>0x501b</run_address>
         <size>0x258</size>
         <input_file_ref idref="fl-3a"/>
      </object_component>
      <object_component id="oc-4c4">
         <name>.debug_info</name>
         <load_address>0x5273</load_address>
         <run_address>0x5273</run_address>
         <size>0x162</size>
         <input_file_ref idref="fl-3b"/>
      </object_component>
      <object_component id="oc-480">
         <name>.debug_info</name>
         <load_address>0x53d5</load_address>
         <run_address>0x53d5</run_address>
         <size>0x1d2</size>
         <input_file_ref idref="fl-3b"/>
      </object_component>
      <object_component id="oc-38b">
         <name>.debug_info</name>
         <load_address>0x55a7</load_address>
         <run_address>0x55a7</run_address>
         <size>0x117</size>
         <input_file_ref idref="fl-3c"/>
      </object_component>
      <object_component id="oc-47d">
         <name>.debug_info</name>
         <load_address>0x56be</load_address>
         <run_address>0x56be</run_address>
         <size>0x118</size>
         <input_file_ref idref="fl-40"/>
      </object_component>
      <object_component id="oc-459">
         <name>.debug_info</name>
         <load_address>0x57d6</load_address>
         <run_address>0x57d6</run_address>
         <size>0x11e</size>
         <input_file_ref idref="fl-40"/>
      </object_component>
      <object_component id="oc-28b">
         <name>.debug_info</name>
         <load_address>0x58f4</load_address>
         <run_address>0x58f4</run_address>
         <size>0x119</size>
         <input_file_ref idref="fl-41"/>
      </object_component>
      <object_component id="oc-476">
         <name>.debug_info</name>
         <load_address>0x5a0d</load_address>
         <run_address>0x5a0d</run_address>
         <size>0x118</size>
         <input_file_ref idref="fl-42"/>
      </object_component>
      <object_component id="oc-3d7">
         <name>.debug_info</name>
         <load_address>0x5b25</load_address>
         <run_address>0x5b25</run_address>
         <size>0x11e</size>
         <input_file_ref idref="fl-42"/>
      </object_component>
      <object_component id="oc-3f1">
         <name>.debug_info</name>
         <load_address>0x5c43</load_address>
         <run_address>0x5c43</run_address>
         <size>0x118</size>
         <input_file_ref idref="fl-43"/>
      </object_component>
      <object_component id="oc-3dd">
         <name>.debug_info</name>
         <load_address>0x5d5b</load_address>
         <run_address>0x5d5b</run_address>
         <size>0x11e</size>
         <input_file_ref idref="fl-43"/>
      </object_component>
      <object_component id="oc-461">
         <name>.debug_info</name>
         <load_address>0x5e79</load_address>
         <run_address>0x5e79</run_address>
         <size>0x162</size>
         <input_file_ref idref="fl-47"/>
      </object_component>
      <object_component id="oc-3e8">
         <name>.debug_info</name>
         <load_address>0x5fdb</load_address>
         <run_address>0x5fdb</run_address>
         <size>0x332</size>
         <input_file_ref idref="fl-47"/>
      </object_component>
      <object_component id="oc-45c">
         <name>.debug_info</name>
         <load_address>0x630d</load_address>
         <run_address>0x630d</run_address>
         <size>0x119</size>
         <input_file_ref idref="fl-48"/>
      </object_component>
      <object_component id="oc-54c">
         <name>.debug_info</name>
         <load_address>0x6426</load_address>
         <run_address>0x6426</run_address>
         <size>0xab</size>
      </object_component>
      <object_component id="oc-472">
         <name>.debug_line</name>
         <load_address>0x0</load_address>
         <run_address>0x0</run_address>
         <size>0x61</size>
         <input_file_ref idref="fl-1"/>
      </object_component>
      <object_component id="oc-468">
         <name>.debug_line</name>
         <load_address>0x61</load_address>
         <run_address>0x61</run_address>
         <size>0x2c</size>
         <input_file_ref idref="fl-1"/>
      </object_component>
      <object_component id="oc-470">
         <name>.debug_line</name>
         <load_address>0x8d</load_address>
         <run_address>0x8d</run_address>
         <size>0x2c</size>
         <input_file_ref idref="fl-1"/>
      </object_component>
      <object_component id="oc-474">
         <name>.debug_line</name>
         <load_address>0xb9</load_address>
         <run_address>0xb9</run_address>
         <size>0x2c</size>
         <input_file_ref idref="fl-1"/>
      </object_component>
      <object_component id="oc-3f9">
         <name>.debug_line</name>
         <load_address>0xe5</load_address>
         <run_address>0xe5</run_address>
         <size>0x45</size>
         <input_file_ref idref="fl-1"/>
      </object_component>
      <object_component id="oc-3ff">
         <name>.debug_line</name>
         <load_address>0x12a</load_address>
         <run_address>0x12a</run_address>
         <size>0x3f</size>
         <input_file_ref idref="fl-1"/>
      </object_component>
      <object_component id="oc-368">
         <name>.debug_line</name>
         <load_address>0x169</load_address>
         <run_address>0x169</run_address>
         <size>0x3f</size>
         <input_file_ref idref="fl-1"/>
      </object_component>
      <object_component id="oc-374">
         <name>.debug_line</name>
         <load_address>0x1a8</load_address>
         <run_address>0x1a8</run_address>
         <size>0x40</size>
         <input_file_ref idref="fl-1"/>
      </object_component>
      <object_component id="oc-362">
         <name>.debug_line</name>
         <load_address>0x1e8</load_address>
         <run_address>0x1e8</run_address>
         <size>0x5f</size>
         <input_file_ref idref="fl-1"/>
      </object_component>
      <object_component id="oc-347">
         <name>.debug_line</name>
         <load_address>0x247</load_address>
         <run_address>0x247</run_address>
         <size>0x4d</size>
         <input_file_ref idref="fl-1"/>
      </object_component>
      <object_component id="oc-386">
         <name>.debug_line</name>
         <load_address>0x294</load_address>
         <run_address>0x294</run_address>
         <size>0x3f</size>
         <input_file_ref idref="fl-1"/>
      </object_component>
      <object_component id="oc-36e">
         <name>.debug_line</name>
         <load_address>0x2d3</load_address>
         <run_address>0x2d3</run_address>
         <size>0x3f</size>
         <input_file_ref idref="fl-1"/>
      </object_component>
      <object_component id="oc-288">
         <name>.debug_line</name>
         <load_address>0x312</load_address>
         <run_address>0x312</run_address>
         <size>0x20</size>
         <input_file_ref idref="fl-1"/>
      </object_component>
      <object_component id="oc-3c9">
         <name>.debug_line</name>
         <load_address>0x332</load_address>
         <run_address>0x332</run_address>
         <size>0x6e</size>
         <input_file_ref idref="fl-2"/>
      </object_component>
      <object_component id="oc-32c">
         <name>.debug_line</name>
         <load_address>0x3a0</load_address>
         <run_address>0x3a0</run_address>
         <size>0x33</size>
         <input_file_ref idref="fl-2"/>
      </object_component>
      <object_component id="oc-341">
         <name>.debug_line</name>
         <load_address>0x3d3</load_address>
         <run_address>0x3d3</run_address>
         <size>0x45</size>
         <input_file_ref idref="fl-2"/>
      </object_component>
      <object_component id="oc-3d5">
         <name>.debug_line</name>
         <load_address>0x418</load_address>
         <run_address>0x418</run_address>
         <size>0x8d</size>
         <input_file_ref idref="fl-3"/>
      </object_component>
      <object_component id="oc-32f">
         <name>.debug_line</name>
         <load_address>0x4a5</load_address>
         <run_address>0x4a5</run_address>
         <size>0x2d</size>
         <input_file_ref idref="fl-3"/>
      </object_component>
      <object_component id="oc-335">
         <name>.debug_line</name>
         <load_address>0x4d2</load_address>
         <run_address>0x4d2</run_address>
         <size>0x84</size>
         <input_file_ref idref="fl-3"/>
      </object_component>
      <object_component id="oc-33b">
         <name>.debug_line</name>
         <load_address>0x556</load_address>
         <run_address>0x556</run_address>
         <size>0x53</size>
         <input_file_ref idref="fl-3"/>
      </object_component>
      <object_component id="oc-30e">
         <name>.debug_line</name>
         <load_address>0x5a9</load_address>
         <run_address>0x5a9</run_address>
         <size>0x8d</size>
         <input_file_ref idref="fl-3"/>
      </object_component>
      <object_component id="oc-29f">
         <name>.debug_line</name>
         <load_address>0x636</load_address>
         <run_address>0x636</run_address>
         <size>0x40</size>
         <input_file_ref idref="fl-3"/>
      </object_component>
      <object_component id="oc-2a5">
         <name>.debug_line</name>
         <load_address>0x676</load_address>
         <run_address>0x676</run_address>
         <size>0x44</size>
         <input_file_ref idref="fl-3"/>
      </object_component>
      <object_component id="oc-3d0">
         <name>.debug_line</name>
         <load_address>0x6ba</load_address>
         <run_address>0x6ba</run_address>
         <size>0x56</size>
         <input_file_ref idref="fl-3"/>
      </object_component>
      <object_component id="oc-2ab">
         <name>.debug_line</name>
         <load_address>0x710</load_address>
         <run_address>0x710</run_address>
         <size>0x4f</size>
         <input_file_ref idref="fl-3"/>
      </object_component>
      <object_component id="oc-408">
         <name>.debug_line</name>
         <load_address>0x75f</load_address>
         <run_address>0x75f</run_address>
         <size>0x5a</size>
         <input_file_ref idref="fl-1e"/>
      </object_component>
      <object_component id="oc-46d">
         <name>.debug_line</name>
         <load_address>0x7b9</load_address>
         <run_address>0x7b9</run_address>
         <size>0x64</size>
         <input_file_ref idref="fl-1f"/>
      </object_component>
      <object_component id="oc-29a">
         <name>.debug_line</name>
         <load_address>0x81d</load_address>
         <run_address>0x81d</run_address>
         <size>0x3d</size>
         <input_file_ref idref="fl-2b"/>
      </object_component>
      <object_component id="oc-2ea">
         <name>.debug_line</name>
         <load_address>0x85a</load_address>
         <run_address>0x85a</run_address>
         <size>0x2a</size>
         <input_file_ref idref="fl-2c"/>
      </object_component>
      <object_component id="oc-2c3">
         <name>.debug_line</name>
         <load_address>0x884</load_address>
         <run_address>0x884</run_address>
         <size>0x46</size>
         <input_file_ref idref="fl-2c"/>
      </object_component>
      <object_component id="oc-49f">
         <name>.debug_line</name>
         <load_address>0x8ca</load_address>
         <run_address>0x8ca</run_address>
         <size>0xb7</size>
         <input_file_ref idref="fl-2d"/>
      </object_component>
      <object_component id="oc-3b1">
         <name>.debug_line</name>
         <load_address>0x981</load_address>
         <run_address>0x981</run_address>
         <size>0x83</size>
         <input_file_ref idref="fl-2d"/>
      </object_component>
      <object_component id="oc-4a3">
         <name>.debug_line</name>
         <load_address>0xa04</load_address>
         <run_address>0xa04</run_address>
         <size>0x2e</size>
         <input_file_ref idref="fl-2d"/>
      </object_component>
      <object_component id="oc-4ba">
         <name>.debug_line</name>
         <load_address>0xa32</load_address>
         <run_address>0xa32</run_address>
         <size>0x92</size>
         <input_file_ref idref="fl-2d"/>
      </object_component>
      <object_component id="oc-445">
         <name>.debug_line</name>
         <load_address>0xac4</load_address>
         <run_address>0xac4</run_address>
         <size>0x8f</size>
         <input_file_ref idref="fl-2d"/>
      </object_component>
      <object_component id="oc-4a8">
         <name>.debug_line</name>
         <load_address>0xb53</load_address>
         <run_address>0xb53</run_address>
         <size>0x8b</size>
         <input_file_ref idref="fl-2d"/>
      </object_component>
      <object_component id="oc-2b1">
         <name>.debug_line</name>
         <load_address>0xbde</load_address>
         <run_address>0xbde</run_address>
         <size>0x53</size>
         <input_file_ref idref="fl-2e"/>
      </object_component>
      <object_component id="oc-301">
         <name>.debug_line</name>
         <load_address>0xc31</load_address>
         <run_address>0xc31</run_address>
         <size>0x34</size>
         <input_file_ref idref="fl-2e"/>
      </object_component>
      <object_component id="oc-308">
         <name>.debug_line</name>
         <load_address>0xc65</load_address>
         <run_address>0xc65</run_address>
         <size>0x3e</size>
         <input_file_ref idref="fl-31"/>
      </object_component>
      <object_component id="oc-434">
         <name>.debug_line</name>
         <load_address>0xca3</load_address>
         <run_address>0xca3</run_address>
         <size>0x3a</size>
         <input_file_ref idref="fl-32"/>
      </object_component>
      <object_component id="oc-2f2">
         <name>.debug_line</name>
         <load_address>0xcdd</load_address>
         <run_address>0xcdd</run_address>
         <size>0x3a</size>
         <input_file_ref idref="fl-33"/>
      </object_component>
      <object_component id="oc-6e">
         <name>.debug_line</name>
         <load_address>0xd17</load_address>
         <run_address>0xd17</run_address>
         <size>0x50</size>
         <input_file_ref idref="fl-33"/>
      </object_component>
      <object_component id="oc-293">
         <name>.debug_line</name>
         <load_address>0xd67</load_address>
         <run_address>0xd67</run_address>
         <size>0x3a</size>
         <input_file_ref idref="fl-33"/>
      </object_component>
      <object_component id="oc-68">
         <name>.debug_line</name>
         <load_address>0xda1</load_address>
         <run_address>0xda1</run_address>
         <size>0x9d</size>
         <input_file_ref idref="fl-34"/>
      </object_component>
      <object_component id="oc-329">
         <name>.debug_line</name>
         <load_address>0xe3e</load_address>
         <run_address>0xe3e</run_address>
         <size>0x92</size>
         <input_file_ref idref="fl-34"/>
      </object_component>
      <object_component id="oc-2ee">
         <name>.debug_line</name>
         <load_address>0xed0</load_address>
         <run_address>0xed0</run_address>
         <size>0x8e</size>
         <input_file_ref idref="fl-34"/>
      </object_component>
      <object_component id="oc-283">
         <name>.debug_line</name>
         <load_address>0xf5e</load_address>
         <run_address>0xf5e</run_address>
         <size>0x3a</size>
         <input_file_ref idref="fl-34"/>
      </object_component>
      <object_component id="oc-488">
         <name>.debug_line</name>
         <load_address>0xf98</load_address>
         <run_address>0xf98</run_address>
         <size>0x2d</size>
         <input_file_ref idref="fl-35"/>
      </object_component>
      <object_component id="oc-380">
         <name>.debug_line</name>
         <load_address>0xfc5</load_address>
         <run_address>0xfc5</run_address>
         <size>0xc9</size>
         <input_file_ref idref="fl-35"/>
      </object_component>
      <object_component id="oc-3e5">
         <name>.debug_line</name>
         <load_address>0x108e</load_address>
         <run_address>0x108e</run_address>
         <size>0x2e</size>
         <input_file_ref idref="fl-35"/>
      </object_component>
      <object_component id="oc-35c">
         <name>.debug_line</name>
         <load_address>0x10bc</load_address>
         <run_address>0x10bc</run_address>
         <size>0x59</size>
         <input_file_ref idref="fl-36"/>
      </object_component>
      <object_component id="oc-377">
         <name>.debug_line</name>
         <load_address>0x1115</load_address>
         <run_address>0x1115</run_address>
         <size>0x3d</size>
         <input_file_ref idref="fl-37"/>
      </object_component>
      <object_component id="oc-455">
         <name>.debug_line</name>
         <load_address>0x1152</load_address>
         <run_address>0x1152</run_address>
         <size>0x20</size>
         <input_file_ref idref="fl-38"/>
      </object_component>
      <object_component id="oc-34d">
         <name>.debug_line</name>
         <load_address>0x1172</load_address>
         <run_address>0x1172</run_address>
         <size>0x7c</size>
         <input_file_ref idref="fl-38"/>
      </object_component>
      <object_component id="oc-4c6">
         <name>.debug_line</name>
         <load_address>0x11ee</load_address>
         <run_address>0x11ee</run_address>
         <size>0x2d</size>
         <input_file_ref idref="fl-39"/>
      </object_component>
      <object_component id="oc-416">
         <name>.debug_line</name>
         <load_address>0x121b</load_address>
         <run_address>0x121b</run_address>
         <size>0xff</size>
         <input_file_ref idref="fl-39"/>
      </object_component>
      <object_component id="oc-463">
         <name>.debug_line</name>
         <load_address>0x131a</load_address>
         <run_address>0x131a</run_address>
         <size>0x2d</size>
         <input_file_ref idref="fl-3a"/>
      </object_component>
      <object_component id="oc-357">
         <name>.debug_line</name>
         <load_address>0x1347</load_address>
         <run_address>0x1347</run_address>
         <size>0xfd</size>
         <input_file_ref idref="fl-3a"/>
      </object_component>
      <object_component id="oc-4dc">
         <name>.debug_line</name>
         <load_address>0x1444</load_address>
         <run_address>0x1444</run_address>
         <size>0x20</size>
         <input_file_ref idref="fl-3b"/>
      </object_component>
      <object_component id="oc-483">
         <name>.debug_line</name>
         <load_address>0x1464</load_address>
         <run_address>0x1464</run_address>
         <size>0x82</size>
         <input_file_ref idref="fl-3b"/>
      </object_component>
      <object_component id="oc-38d">
         <name>.debug_line</name>
         <load_address>0x14e6</load_address>
         <run_address>0x14e6</run_address>
         <size>0x3d</size>
         <input_file_ref idref="fl-3c"/>
      </object_component>
      <object_component id="oc-47b">
         <name>.debug_line</name>
         <load_address>0x1523</load_address>
         <run_address>0x1523</run_address>
         <size>0x3e</size>
         <input_file_ref idref="fl-40"/>
      </object_component>
      <object_component id="oc-457">
         <name>.debug_line</name>
         <load_address>0x1561</load_address>
         <run_address>0x1561</run_address>
         <size>0x56</size>
         <input_file_ref idref="fl-40"/>
      </object_component>
      <object_component id="oc-28e">
         <name>.debug_line</name>
         <load_address>0x15b7</load_address>
         <run_address>0x15b7</run_address>
         <size>0x52</size>
         <input_file_ref idref="fl-41"/>
      </object_component>
      <object_component id="oc-479">
         <name>.debug_line</name>
         <load_address>0x1609</load_address>
         <run_address>0x1609</run_address>
         <size>0x3e</size>
         <input_file_ref idref="fl-42"/>
      </object_component>
      <object_component id="oc-3da">
         <name>.debug_line</name>
         <load_address>0x1647</load_address>
         <run_address>0x1647</run_address>
         <size>0x56</size>
         <input_file_ref idref="fl-42"/>
      </object_component>
      <object_component id="oc-3f3">
         <name>.debug_line</name>
         <load_address>0x169d</load_address>
         <run_address>0x169d</run_address>
         <size>0x41</size>
         <input_file_ref idref="fl-43"/>
      </object_component>
      <object_component id="oc-3df">
         <name>.debug_line</name>
         <load_address>0x16de</load_address>
         <run_address>0x16de</run_address>
         <size>0x56</size>
         <input_file_ref idref="fl-43"/>
      </object_component>
      <object_component id="oc-4bf">
         <name>.debug_line</name>
         <load_address>0x1734</load_address>
         <run_address>0x1734</run_address>
         <size>0x20</size>
         <input_file_ref idref="fl-47"/>
      </object_component>
      <object_component id="oc-3eb">
         <name>.debug_line</name>
         <load_address>0x1754</load_address>
         <run_address>0x1754</run_address>
         <size>0x94</size>
         <input_file_ref idref="fl-47"/>
      </object_component>
      <object_component id="oc-45f">
         <name>.debug_line</name>
         <load_address>0x17e8</load_address>
         <run_address>0x17e8</run_address>
         <size>0x4b</size>
         <input_file_ref idref="fl-48"/>
      </object_component>
      <object_component id="oc-3fa">
         <name>.debug_frame</name>
         <load_address>0x0</load_address>
         <run_address>0x0</run_address>
         <size>0x3c</size>
         <input_file_ref idref="fl-1"/>
      </object_component>
      <object_component id="oc-400">
         <name>.debug_frame</name>
         <load_address>0x3c</load_address>
         <run_address>0x3c</run_address>
         <size>0x3c</size>
         <input_file_ref idref="fl-1"/>
      </object_component>
      <object_component id="oc-369">
         <name>.debug_frame</name>
         <load_address>0x78</load_address>
         <run_address>0x78</run_address>
         <size>0x3c</size>
         <input_file_ref idref="fl-1"/>
      </object_component>
      <object_component id="oc-375">
         <name>.debug_frame</name>
         <load_address>0xb4</load_address>
         <run_address>0xb4</run_address>
         <size>0x3c</size>
         <input_file_ref idref="fl-1"/>
      </object_component>
      <object_component id="oc-363">
         <name>.debug_frame</name>
         <load_address>0xf0</load_address>
         <run_address>0xf0</run_address>
         <size>0x4c</size>
         <input_file_ref idref="fl-1"/>
      </object_component>
      <object_component id="oc-348">
         <name>.debug_frame</name>
         <load_address>0x13c</load_address>
         <run_address>0x13c</run_address>
         <size>0x3c</size>
         <input_file_ref idref="fl-1"/>
      </object_component>
      <object_component id="oc-387">
         <name>.debug_frame</name>
         <load_address>0x178</load_address>
         <run_address>0x178</run_address>
         <size>0x3c</size>
         <input_file_ref idref="fl-1"/>
      </object_component>
      <object_component id="oc-36f">
         <name>.debug_frame</name>
         <load_address>0x1b4</load_address>
         <run_address>0x1b4</run_address>
         <size>0x3c</size>
         <input_file_ref idref="fl-1"/>
      </object_component>
      <object_component id="oc-342">
         <name>.debug_frame</name>
         <load_address>0x1f0</load_address>
         <run_address>0x1f0</run_address>
         <size>0x3c</size>
         <input_file_ref idref="fl-2"/>
      </object_component>
      <object_component id="oc-336">
         <name>.debug_frame</name>
         <load_address>0x22c</load_address>
         <run_address>0x22c</run_address>
         <size>0x40</size>
         <input_file_ref idref="fl-3"/>
      </object_component>
      <object_component id="oc-33c">
         <name>.debug_frame</name>
         <load_address>0x26c</load_address>
         <run_address>0x26c</run_address>
         <size>0x3c</size>
         <input_file_ref idref="fl-3"/>
      </object_component>
      <object_component id="oc-30f">
         <name>.debug_frame</name>
         <load_address>0x2a8</load_address>
         <run_address>0x2a8</run_address>
         <size>0x44</size>
         <input_file_ref idref="fl-3"/>
      </object_component>
      <object_component id="oc-2a0">
         <name>.debug_frame</name>
         <load_address>0x2ec</load_address>
         <run_address>0x2ec</run_address>
         <size>0x44</size>
         <input_file_ref idref="fl-3"/>
      </object_component>
      <object_component id="oc-2a6">
         <name>.debug_frame</name>
         <load_address>0x330</load_address>
         <run_address>0x330</run_address>
         <size>0x3c</size>
         <input_file_ref idref="fl-3"/>
      </object_component>
      <object_component id="oc-3d1">
         <name>.debug_frame</name>
         <load_address>0x36c</load_address>
         <run_address>0x36c</run_address>
         <size>0x40</size>
         <input_file_ref idref="fl-3"/>
      </object_component>
      <object_component id="oc-2ac">
         <name>.debug_frame</name>
         <load_address>0x3ac</load_address>
         <run_address>0x3ac</run_address>
         <size>0x40</size>
         <input_file_ref idref="fl-3"/>
      </object_component>
      <object_component id="oc-2c4">
         <name>.debug_frame</name>
         <load_address>0x3ec</load_address>
         <run_address>0x3ec</run_address>
         <size>0x34</size>
         <input_file_ref idref="fl-2c"/>
      </object_component>
      <object_component id="oc-3b2">
         <name>.debug_frame</name>
         <load_address>0x420</load_address>
         <run_address>0x420</run_address>
         <size>0x48</size>
         <input_file_ref idref="fl-2d"/>
      </object_component>
      <object_component id="oc-2b2">
         <name>.debug_frame</name>
         <load_address>0x468</load_address>
         <run_address>0x468</run_address>
         <size>0x44</size>
         <input_file_ref idref="fl-2e"/>
      </object_component>
      <object_component id="oc-309">
         <name>.debug_frame</name>
         <load_address>0x4ac</load_address>
         <run_address>0x4ac</run_address>
         <size>0x3c</size>
         <input_file_ref idref="fl-31"/>
      </object_component>
      <object_component id="oc-435">
         <name>.debug_frame</name>
         <load_address>0x4e8</load_address>
         <run_address>0x4e8</run_address>
         <size>0x3c</size>
         <input_file_ref idref="fl-32"/>
      </object_component>
      <object_component id="oc-6f">
         <name>.debug_frame</name>
         <load_address>0x524</load_address>
         <run_address>0x524</run_address>
         <size>0x48</size>
         <input_file_ref idref="fl-33"/>
      </object_component>
      <object_component id="oc-69">
         <name>.debug_frame</name>
         <load_address>0x56c</load_address>
         <run_address>0x56c</run_address>
         <size>0x6c</size>
         <input_file_ref idref="fl-34"/>
      </object_component>
      <object_component id="oc-381">
         <name>.debug_frame</name>
         <load_address>0x5d8</load_address>
         <run_address>0x5d8</run_address>
         <size>0x54</size>
         <input_file_ref idref="fl-35"/>
      </object_component>
      <object_component id="oc-35d">
         <name>.debug_frame</name>
         <load_address>0x62c</load_address>
         <run_address>0x62c</run_address>
         <size>0x44</size>
         <input_file_ref idref="fl-36"/>
      </object_component>
      <object_component id="oc-378">
         <name>.debug_frame</name>
         <load_address>0x670</load_address>
         <run_address>0x670</run_address>
         <size>0x3c</size>
         <input_file_ref idref="fl-37"/>
      </object_component>
      <object_component id="oc-351">
         <name>.debug_frame</name>
         <load_address>0x6ac</load_address>
         <run_address>0x6ac</run_address>
         <size>0x48</size>
         <input_file_ref idref="fl-38"/>
      </object_component>
      <object_component id="oc-417">
         <name>.debug_frame</name>
         <load_address>0x6f4</load_address>
         <run_address>0x6f4</run_address>
         <size>0x5c</size>
         <input_file_ref idref="fl-39"/>
      </object_component>
      <object_component id="oc-353">
         <name>.debug_frame</name>
         <load_address>0x750</load_address>
         <run_address>0x750</run_address>
         <size>0x54</size>
         <input_file_ref idref="fl-3a"/>
      </object_component>
      <object_component id="oc-484">
         <name>.debug_frame</name>
         <load_address>0x7a4</load_address>
         <run_address>0x7a4</run_address>
         <size>0x50</size>
         <input_file_ref idref="fl-3b"/>
      </object_component>
      <object_component id="oc-38e">
         <name>.debug_frame</name>
         <load_address>0x7f4</load_address>
         <run_address>0x7f4</run_address>
         <size>0x3c</size>
         <input_file_ref idref="fl-3c"/>
      </object_component>
      <object_component id="oc-3ec">
         <name>.debug_frame</name>
         <load_address>0x830</load_address>
         <run_address>0x830</run_address>
         <size>0x70</size>
         <input_file_ref idref="fl-47"/>
      </object_component>
      <object_component id="oc-471">
         <name>.debug_abbrev</name>
         <load_address>0x0</load_address>
         <run_address>0x0</run_address>
         <size>0x66</size>
         <input_file_ref idref="fl-1"/>
      </object_component>
      <object_component id="oc-467">
         <name>.debug_abbrev</name>
         <load_address>0x66</load_address>
         <run_address>0x66</run_address>
         <size>0x29</size>
         <input_file_ref idref="fl-1"/>
      </object_component>
      <object_component id="oc-46f">
         <name>.debug_abbrev</name>
         <load_address>0x8f</load_address>
         <run_address>0x8f</run_address>
         <size>0x29</size>
         <input_file_ref idref="fl-1"/>
      </object_component>
      <object_component id="oc-473">
         <name>.debug_abbrev</name>
         <load_address>0xb8</load_address>
         <run_address>0xb8</run_address>
         <size>0x29</size>
         <input_file_ref idref="fl-1"/>
      </object_component>
      <object_component id="oc-465">
         <name>.debug_abbrev</name>
         <load_address>0xe1</load_address>
         <run_address>0xe1</run_address>
         <size>0x50</size>
         <input_file_ref idref="fl-1"/>
      </object_component>
      <object_component id="oc-466">
         <name>.debug_abbrev</name>
         <load_address>0x131</load_address>
         <run_address>0x131</run_address>
         <size>0x50</size>
         <input_file_ref idref="fl-1"/>
      </object_component>
      <object_component id="oc-40d">
         <name>.debug_abbrev</name>
         <load_address>0x181</load_address>
         <run_address>0x181</run_address>
         <size>0x6c</size>
         <input_file_ref idref="fl-1"/>
      </object_component>
      <object_component id="oc-413">
         <name>.debug_abbrev</name>
         <load_address>0x1ed</load_address>
         <run_address>0x1ed</run_address>
         <size>0x6c</size>
         <input_file_ref idref="fl-1"/>
      </object_component>
      <object_component id="oc-409">
         <name>.debug_abbrev</name>
         <load_address>0x259</load_address>
         <run_address>0x259</run_address>
         <size>0x7a</size>
         <input_file_ref idref="fl-1"/>
      </object_component>
      <object_component id="oc-3d3">
         <name>.debug_abbrev</name>
         <load_address>0x2d3</load_address>
         <run_address>0x2d3</run_address>
         <size>0x50</size>
         <input_file_ref idref="fl-1"/>
      </object_component>
      <object_component id="oc-41d">
         <name>.debug_abbrev</name>
         <load_address>0x323</load_address>
         <run_address>0x323</run_address>
         <size>0x50</size>
         <input_file_ref idref="fl-1"/>
      </object_component>
      <object_component id="oc-40f">
         <name>.debug_abbrev</name>
         <load_address>0x373</load_address>
         <run_address>0x373</run_address>
         <size>0x6c</size>
         <input_file_ref idref="fl-1"/>
      </object_component>
      <object_component id="oc-287">
         <name>.debug_abbrev</name>
         <load_address>0x3df</load_address>
         <run_address>0x3df</run_address>
         <size>0x1f</size>
         <input_file_ref idref="fl-1"/>
      </object_component>
      <object_component id="oc-3c8">
         <name>.debug_abbrev</name>
         <load_address>0x3fe</load_address>
         <run_address>0x3fe</run_address>
         <size>0x5f</size>
         <input_file_ref idref="fl-2"/>
      </object_component>
      <object_component id="oc-32b">
         <name>.debug_abbrev</name>
         <load_address>0x45d</load_address>
         <run_address>0x45d</run_address>
         <size>0x29</size>
         <input_file_ref idref="fl-2"/>
      </object_component>
      <object_component id="oc-3d2">
         <name>.debug_abbrev</name>
         <load_address>0x486</load_address>
         <run_address>0x486</run_address>
         <size>0x5e</size>
         <input_file_ref idref="fl-2"/>
      </object_component>
      <object_component id="oc-3d4">
         <name>.debug_abbrev</name>
         <load_address>0x4e4</load_address>
         <run_address>0x4e4</run_address>
         <size>0xd8</size>
         <input_file_ref idref="fl-3"/>
      </object_component>
      <object_component id="oc-32e">
         <name>.debug_abbrev</name>
         <load_address>0x5bc</load_address>
         <run_address>0x5bc</run_address>
         <size>0x29</size>
         <input_file_ref idref="fl-3"/>
      </object_component>
      <object_component id="oc-3ca">
         <name>.debug_abbrev</name>
         <load_address>0x5e5</load_address>
         <run_address>0x5e5</run_address>
         <size>0x50</size>
         <input_file_ref idref="fl-3"/>
      </object_component>
      <object_component id="oc-3cb">
         <name>.debug_abbrev</name>
         <load_address>0x635</load_address>
         <run_address>0x635</run_address>
         <size>0x50</size>
         <input_file_ref idref="fl-3"/>
      </object_component>
      <object_component id="oc-388">
         <name>.debug_abbrev</name>
         <load_address>0x685</load_address>
         <run_address>0x685</run_address>
         <size>0x54</size>
         <input_file_ref idref="fl-3"/>
      </object_component>
      <object_component id="oc-2f4">
         <name>.debug_abbrev</name>
         <load_address>0x6d9</load_address>
         <run_address>0x6d9</run_address>
         <size>0x53</size>
         <input_file_ref idref="fl-3"/>
      </object_component>
      <object_component id="oc-2f8">
         <name>.debug_abbrev</name>
         <load_address>0x72c</load_address>
         <run_address>0x72c</run_address>
         <size>0x53</size>
         <input_file_ref idref="fl-3"/>
      </object_component>
      <object_component id="oc-451">
         <name>.debug_abbrev</name>
         <load_address>0x77f</load_address>
         <run_address>0x77f</run_address>
         <size>0x50</size>
         <input_file_ref idref="fl-3"/>
      </object_component>
[...]
         <value>0x56c</value>
      </symbol>
      <symbol id="sm-1f6">
         <name>UCB0IFG_L</name>
         <value>0x56c</value>
      </symbol>
      <symbol id="sm-1f7">
         <name>UCB0IFG_H</name>
         <value>0x56d</value>
      </symbol>
      <symbol id="sm-1f8">
         <name>UCB0IV</name>
         <value>0x56e</value>
      </symbol>
      <symbol id="sm-1f9">
         <name>WDTCTL</name>
         <value>0x1cc</value>
      </symbol>
      <symbol id="sm-1fa">
         <name>WDTCTL_L</name>
         <value>0x1cc</value>
      </symbol>
      <symbol id="sm-1fb">
         <name>WDTCTL_H</name>
         <value>0x1cd</value>
      </symbol>
      <symbol id="sm-1fc">
         <name>__TI_CINIT_Base</name>
         <value>0xc41a</value>
      </symbol>
      <symbol id="sm-1fd">
         <name>__TI_CINIT_Limit</name>
         <value>0xc42a</value>
      </symbol>
      <symbol id="sm-1fe">
         <name>__TI_Handler_Table_Base</name>
         <value>0xc400</value>
      </symbol>
      <symbol id="sm-1ff">
         <name>__TI_Handler_Table_Limit</name>
         <value>0xc40c</value>
      </symbol>
      <symbol id="sm-200">
         <name>__STACK_SIZE</name>
         <value>0xa0</value>
      </symbol>
      <symbol id="sm-201">
         <name>__STACK_END</name>
         <value>0x2800</value>
      </symbol>
      <symbol id="sm-202">
         <name>__c_args__</name>
         <value>0xffffffff</value>
      </symbol>
      <symbol id="sm-203">
         <name>__TI_pprof_out_hndl</name>
         <value>0xffffffff</value>
      </symbol>
      <symbol id="sm-204">
         <name>__TI_prof_data_start</name>
         <value>0xffffffff</value>
      </symbol>
      <symbol id="sm-205">
         <name>__TI_prof_data_size</name>
         <value>0xffffffff</value>
      </symbol>
      <symbol id="sm-2be">
         <name>alphabet</name>
         <value>0xc42a</value>
         <object_component_ref idref="oc-410"/>
      </symbol>
      <symbol id="sm-2bf">
         <name>LCD_Number</name>
         <value>0xd0ce</value>
         <object_component_ref idref="oc-35e"/>
      </symbol>
      <symbol id="sm-2c0">
         <name>LCD_Digit</name>
         <value>0xd892</value>
         <object_component_ref idref="oc-364"/>
      </symbol>
      <symbol id="sm-2c1">
         <name>POS</name>
         <value>0xc46c</value>
         <object_component_ref idref="oc-401"/>
      </symbol>
      <symbol id="sm-2c2">
         <name>LCD_Init</name>
         <value>0xd592</value>
         <object_component_ref idref="oc-343"/>
      </symbol>
      <symbol id="sm-2c3">
         <name>LCD_Negative_Sign</name>
         <value>0xd8b4</value>
         <object_component_ref idref="oc-3fb"/>
      </symbol>
      <symbol id="sm-2c4">
         <name>LCD_Degree_Symbol</name>
         <value>0xd8aa</value>
         <object_component_ref idref="oc-382"/>
      </symbol>
      <symbol id="sm-2c5">
         <name>LCD_Clear</name>
         <value>0xd820</value>
         <object_component_ref idref="oc-3f5"/>
      </symbol>
      <symbol id="sm-2c6">
         <name>LCD_Decimal_Point</name>
         <value>0xd886</value>
         <object_component_ref idref="oc-36a"/>
      </symbol>
      <symbol id="sm-2c7">
         <name>LCD_Letter</name>
         <value>0xd7e8</value>
         <object_component_ref idref="oc-370"/>
      </symbol>
      <symbol id="sm-2c8">
         <name>digit</name>
         <value>0xc462</value>
         <object_component_ref idref="oc-40a"/>
      </symbol>
      <symbol id="sm-2d9">
         <name>tempSensorRunning</name>
         <value>0x2010</value>
         <object_component_ref idref="oc-2f5"/>
      </symbol>
      <symbol id="sm-2da">
         <name>Init_Temp</name>
         <value>0xd878</value>
         <object_component_ref idref="oc-33d"/>
      </symbol>
      <symbol id="sm-32b">
         <name>adc_val</name>
         <value>0x2012</value>
      </symbol>
      <symbol id="sm-32c">
         <name>temp</name>
         <value>0x2006</value>
         <object_component_ref idref="oc-2f9"/>
      </symbol>
      <symbol id="sm-32d">
         <name>channel</name>
         <value>0x2000</value>
         <object_component_ref idref="oc-2f9"/>
      </symbol>
      <symbol id="sm-32e">
         <name>ADC_ISR</name>
         <value>0xd796</value>
         <object_component_ref idref="oc-2a7"/>
      </symbol>
      <symbol id="sm-32f">
         <name>degC</name>
         <value>0x200c</value>
         <object_component_ref idref="oc-2f9"/>
      </symbol>
      <symbol id="sm-330">
         <name>Init_ADC</name>
         <value>0xd38e</value>
         <object_component_ref idref="oc-3cc"/>
      </symbol>
      <symbol id="sm-331">
         <name>Init_GPIO</name>
         <value>0xd2f8</value>
         <object_component_ref idref="oc-331"/>
      </symbol>
      <symbol id="sm-332">
         <name>__TI_int48</name>
         <value>0xffe8</value>
         <object_component_ref idref="oc-73"/>
      </symbol>
      <symbol id="sm-333">
         <name>__TI_int46</name>
         <value>0xffe4</value>
         <object_component_ref idref="oc-71"/>
      </symbol>
      <symbol id="sm-334">
         <name>__TI_int47</name>
         <value>0xffe6</value>
         <object_component_ref idref="oc-72"/>
      </symbol>
      <symbol id="sm-335">
         <name>PORT1_ISR</name>
         <value>0xd836</value>
         <object_component_ref idref="oc-2a1"/>
      </symbol>
      <symbol id="sm-336">
         <name>Init_Clock</name>
         <value>0xd542</value>
         <object_component_ref idref="oc-337"/>
      </symbol>
      <symbol id="sm-337">
         <name>main</name>
         <value>0xce7e</value>
         <object_component_ref idref="oc-30a"/>
      </symbol>
      <symbol id="sm-338">
         <name>PORT2_ISR</name>
         <value>0xd8be</value>
         <object_component_ref idref="oc-29b"/>
      </symbol>
      <symbol id="sm-339">
         <name>voltage</name>
         <value>0x2008</value>
         <object_component_ref idref="oc-2f9"/>
      </symbol>
      <symbol id="sm-33a">
         <name>count</name>
         <value>0x2002</value>
         <object_component_ref idref="oc-2f9"/>
      </symbol>
      <symbol id="sm-346">
         <name>__mspabi_remli</name>
         <value>0xd622</value>
         <object_component_ref idref="oc-404"/>
      </symbol>
      <symbol id="sm-347">
         <name>__mspabi_divli</name>
         <value>0xd622</value>
         <object_component_ref idref="oc-404"/>
      </symbol>
      <symbol id="sm-355">
         <name>__mspabi_remul</name>
         <value>0xd4ea</value>
         <object_component_ref idref="oc-469"/>
      </symbol>
      <symbol id="sm-356">
         <name>__mspabi_divul</name>
         <value>0xd4ea</value>
         <object_component_ref idref="oc-469"/>
      </symbol>
      <symbol id="sm-359">
         <name>__TI_int45</name>
         <value>0xffe2</value>
         <object_component_ref idref="oc-70"/>
      </symbol>
      <symbol id="sm-35c">
         <name>__TI_int49</name>
         <value>0xffea</value>
         <object_component_ref idref="oc-74"/>
      </symbol>
      <symbol id="sm-35f">
         <name>__TI_int50</name>
         <value>0xffec</value>
         <object_component_ref idref="oc-75"/>
      </symbol>
      <symbol id="sm-362">
         <name>__TI_int51</name>
         <value>0xffee</value>
         <object_component_ref idref="oc-76"/>
      </symbol>
      <symbol id="sm-365">
         <name>__TI_int52</name>
         <value>0xfff0</value>
         <object_component_ref idref="oc-77"/>
      </symbol>
      <symbol id="sm-368">
         <name>__TI_int53</name>
         <value>0xfff2</value>
         <object_component_ref idref="oc-78"/>
      </symbol>
      <symbol id="sm-36b">
         <name>__TI_int54</name>
         <value>0xfff4</value>
         <object_component_ref idref="oc-79"/>
      </symbol>
      <symbol id="sm-36e">
         <name>__TI_int55</name>
         <value>0xfff6</value>
         <object_component_ref idref="oc-7a"/>
      </symbol>
      <symbol id="sm-371">
         <name>__TI_int56</name>
         <value>0xfff8</value>
         <object_component_ref idref="oc-7b"/>
      </symbol>
      <symbol id="sm-374">
         <name>__TI_int57</name>
         <value>0xfffa</value>
         <object_component_ref idref="oc-7c"/>
      </symbol>
      <symbol id="sm-377">
         <name>__TI_int58</name>
         <value>0xfffc</value>
         <object_component_ref idref="oc-7d"/>
      </symbol>
      <symbol id="sm-37f">
         <name>__TI_ISR_TRAP</name>
         <value>0xd8c8</value>
         <object_component_ref idref="oc-296"/>
      </symbol>
      <symbol id="sm-38f">
         <name>_stack</name>
         <value>0x2760</value>
         <object_component_ref idref="oc-27b"/>
      </symbol>
      <symbol id="sm-390">
         <name>_c_int00_noargs</name>
         <value>0xd804</value>
         <object_component_ref idref="oc-2bf"/>
      </symbol>
      <symbol id="sm-391">
         <name>_reset_vector</name>
         <value>0xfffe</value>
         <object_component_ref idref="oc-27e"/>
      </symbol>
      <symbol id="sm-3b3">
         <name>__TI_auto_init_nobinit_nopinit_hold_wdt</name>
         <value>0xd41a</value>
         <object_component_ref idref="oc-3ad"/>
      </symbol>
      <symbol id="sm-3c3">
         <name>__TI_zero_init_nomemset</name>
         <value>0xd662</value>
         <object_component_ref idref="oc-2ad"/>
      </symbol>
      <symbol id="sm-3ce">
         <name>_system_pre_init</name>
         <value>0xd8d6</value>
         <object_component_ref idref="oc-304"/>
      </symbol>
      <symbol id="sm-3d7">
         <name>_system_post_cinit</name>
         <value>0xd8da</value>
         <object_component_ref idref="oc-430"/>
      </symbol>
      <symbol id="sm-3e8">
         <name>__TI_decompress_none</name>
         <value>0xd75a</value>
         <object_component_ref idref="oc-6a"/>
      </symbol>
      <symbol id="sm-409">
         <name>__TI_decompress_lzss</name>
         <value>0xcfe0</value>
         <object_component_ref idref="oc-64"/>
      </symbol>
      <symbol id="sm-430">
         <name>__mspabi_addd</name>
         <value>0xc474</value>
         <object_component_ref idref="oc-37c"/>
      </symbol>
      <symbol id="sm-43f">
         <name>__mspabi_fixdli</name>
         <value>0xd484</value>
         <object_component_ref idref="oc-358"/>
      </symbol>
      <symbol id="sm-448">
         <name>__mspabi_fltid</name>
         <value>0xd89e</value>
         <object_component_ref idref="oc-376"/>
      </symbol>
      <symbol id="sm-460">
         <name>__mspabi_fltlid</name>
         <value>0xd25a</value>
         <object_component_ref idref="oc-34c"/>
      </symbol>
      <symbol id="sm-481">
         <name>__TI_frcaddd</name>
         <value>0xcc36</value>
         <object_component_ref idref="oc-415"/>
      </symbol>
      <symbol id="sm-4a2">
         <name>__mspabi_mpyd</name>
         <value>0xc9d2</value>
         <object_component_ref idref="oc-352"/>
      </symbol>
      <symbol id="sm-4b6">
         <name>__TI_renormd</name>
         <value>0xd1a8</value>
         <object_component_ref idref="oc-47f"/>
      </symbol>
      <symbol id="sm-4c0">
         <name>C$$EXIT</name>
         <value>0xd8d0</value>
         <object_component_ref idref="oc-389"/>
      </symbol>
      <symbol id="sm-4c1">
         <name>abort</name>
         <value>0xd8d0</value>
         <object_component_ref idref="oc-389"/>
      </symbol>
      <symbol id="sm-4d4">
         <name>__mspabi_sral</name>
         <value>0xd848</value>
         <object_component_ref idref="oc-47a"/>
      </symbol>
      <symbol id="sm-4d5">
         <name>__mspabi_sral_15</name>
         <value>0xd6a0</value>
         <object_component_ref idref="oc-456"/>
      </symbol>
      <symbol id="sm-4d6">
         <name>__mspabi_sral_14</name>
         <value>0xd6a4</value>
         <object_component_ref idref="oc-456"/>
      </symbol>
      <symbol id="sm-4d7">
         <name>__mspabi_sral_13</name>
         <value>0xd6a8</value>
         <object_component_ref idref="oc-456"/>
      </symbol>
      <symbol id="sm-4d8">
         <name>__mspabi_sral_12</name>
         <value>0xd6ac</value>
         <object_component_ref idref="oc-456"/>
      </symbol>
      <symbol id="sm-4d9">
         <name>__mspabi_sral_11</name>
         <value>0xd6b0</value>
         <object_component_ref idref="oc-456"/>
      </symbol>
      <symbol id="sm-4da">
         <name>__mspabi_sral_10</name>
         <value>0xd6b4</value>
         <object_component_ref idref="oc-456"/>
      </symbol>
      <symbol id="sm-4db">
         <name>__mspabi_sral_8</name>
         <value>0xd6bc</value>
         <object_component_ref idref="oc-456"/>
      </symbol>
      <symbol id="sm-4dc">
         <name>__mspabi_sral_9</name>
         <value>0xd6b8</value>
         <object_component_ref idref="oc-456"/>
      </symbol>
      <symbol id="sm-4dd">
         <name>__mspabi_sral_6</name>
         <value>0xd6c4</value>
         <object_component_ref idref="oc-456"/>
      </symbol>
      <symbol id="sm-4de">
         <name>__mspabi_sral_7</name>
         <value>0xd6c0</value>
         <object_component_ref idref="oc-456"/>
      </symbol>
      <symbol id="sm-4df">
         <name>__mspabi_sral_4</name>
         <value>0xd6cc</value>
         <object_component_ref idref="oc-456"/>
      </symbol>
      <symbol id="sm-4e0">
         <name>__mspabi_sral_5</name>
         <value>0xd6c8</value>
         <object_component_ref idref="oc-456"/>
      </symbol>
      <symbol id="sm-4e1">
         <name>__mspabi_sral_2</name>
         <value>0xd6d4</value>
         <object_component_ref idref="oc-456"/>
      </symbol>
      <symbol id="sm-4e2">
         <name>__mspabi_sral_3</name>
         <value>0xd6d0</value>
         <object_component_ref idref="oc-456"/>
      </symbol>
      <symbol id="sm-4e3">
         <name>__mspabi_sral_1</name>
         <value>0xd6d8</value>
         <object_component_ref idref="oc-456"/>
      </symbol>
      <symbol id="sm-4ee">
         <name>__memcpy_far</name>
         <value>0xd5e2</value>
         <object_component_ref idref="oc-28a"/>
      </symbol>
      <symbol id="sm-4fe">
         <name>__mspabi_slll_9</name>
         <value>0xd6f6</value>
         <object_component_ref idref="oc-3d6"/>
      </symbol>
      <symbol id="sm-4ff">
         <name>__mspabi_slll_8</name>
         <value>0xd6fa</value>
         <object_component_ref idref="oc-3d6"/>
      </symbol>
      <symbol id="sm-500">
         <name>__mspabi_slll_7</name>
         <value>0xd6fe</value>
         <object_component_ref idref="oc-3d6"/>
      </symbol>
      <symbol id="sm-501">
         <name>__mspabi_slll_6</name>
         <value>0xd702</value>
         <object_component_ref idref="oc-3d6"/>
      </symbol>
      <symbol id="sm-502">
         <name>__mspabi_slll_5</name>
         <value>0xd706</value>
         <object_component_ref idref="oc-3d6"/>
      </symbol>
      <symbol id="sm-503">
         <name>__mspabi_slll_4</name>
         <value>0xd70a</value>
         <object_component_ref idref="oc-3d6"/>
      </symbol>
      <symbol id="sm-504">
         <name>__mspabi_slll_3</name>
         <value>0xd70e</value>
         <object_component_ref idref="oc-3d6"/>
      </symbol>
      <symbol id="sm-505">
         <name>__mspabi_slll_2</name>
         <value>0xd712</value>
         <object_component_ref idref="oc-3d6"/>
      </symbol>
      <symbol id="sm-506">
         <name>__mspabi_slll_1</name>
         <value>0xd716</value>
         <object_component_ref idref="oc-3d6"/>
      </symbol>
      <symbol id="sm-507">
         <name>__mspabi_slll</name>
         <value>0xd858</value>
         <object_component_ref idref="oc-475"/>
      </symbol>
      <symbol id="sm-508">
         <name>__mspabi_slll_15</name>
         <value>0xd6de</value>
         <object_component_ref idref="oc-3d6"/>
      </symbol>
      <symbol id="sm-509">
         <name>__mspabi_slll_14</name>
         <value>0xd6e2</value>
         <object_component_ref idref="oc-3d6"/>
      </symbol>
      <symbol id="sm-50a">
         <name>__mspabi_slll_13</name>
         <value>0xd6e6</value>
         <object_component_ref idref="oc-3d6"/>
      </symbol>
      <symbol id="sm-50b">
         <name>__mspabi_slll_12</name>
         <value>0xd6ea</value>
         <object_component_ref idref="oc-3d6"/>
      </symbol>
      <symbol id="sm-50c">
         <name>__mspabi_slll_11</name>
         <value>0xd6ee</value>
         <object_component_ref idref="oc-3d6"/>
      </symbol>
      <symbol id="sm-50d">
         <name>__mspabi_slll_10</name>
         <value>0xd6f2</value>
         <object_component_ref idref="oc-3d6"/>
      </symbol>
      <symbol id="sm-51d">
         <name>__mspabi_srll_8</name>
         <value>0xd738</value>
         <object_component_ref idref="oc-3db"/>
      </symbol>
      <symbol id="sm-51e">
         <name>__mspabi_srll_9</name>
         <value>0xd734</value>
         <object_component_ref idref="oc-3db"/>
      </symbol>
      <symbol id="sm-51f">
         <name>__mspabi_srll_6</name>
         <value>0xd740</value>
         <object_component_ref idref="oc-3db"/>
      </symbol>
      <symbol id="sm-520">
         <name>__mspabi_srll_7</name>
         <value>0xd73c</value>
         <object_component_ref idref="oc-3db"/>
      </symbol>
      <symbol id="sm-521">
         <name>__mspabi_srll_4</name>
         <value>0xd748</value>
         <object_component_ref idref="oc-3db"/>
      </symbol>
      <symbol id="sm-522">
         <name>__mspabi_srll_5</name>
         <value>0xd744</value>
         <object_component_ref idref="oc-3db"/>
      </symbol>
      <symbol id="sm-523">
         <name>__mspabi_srll_2</name>
         <value>0xd750</value>
         <object_component_ref idref="oc-3db"/>
      </symbol>
      <symbol id="sm-524">
         <name>__mspabi_srll_3</name>
         <value>0xd74c</value>
         <object_component_ref idref="oc-3db"/>
      </symbol>
      <symbol id="sm-525">
         <name>__mspabi_srll_1</name>
         <value>0xd754</value>
         <object_component_ref idref="oc-3db"/>
      </symbol>
      <symbol id="sm-526">
         <name>__mspabi_srll_15</name>
         <value>0xd71c</value>
         <object_component_ref idref="oc-3db"/>
      </symbol>
      <symbol id="sm-527">
         <name>__mspabi_srll_14</name>
         <value>0xd720</value>
         <object_component_ref idref="oc-3db"/>
      </symbol>
      <symbol id="sm-528">
         <name>__mspabi_srll_13</name>
         <value>0xd724</value>
         <object_component_ref idref="oc-3db"/>
      </symbol>
      <symbol id="sm-529">
         <name>__mspabi_srll_12</name>
         <value>0xd728</value>
         <object_component_ref idref="oc-3db"/>
      </symbol>
      <symbol id="sm-52a">
         <name>__mspabi_srll_11</name>
         <value>0xd72c</value>
         <object_component_ref idref="oc-3db"/>
      </symbol>
      <symbol id="sm-52b">
         <name>__mspabi_srll_10</name>
         <value>0xd730</value>
         <object_component_ref idref="oc-3db"/>
      </symbol>
      <symbol id="sm-52c">
         <name>__mspabi_srll</name>
         <value>0xd868</value>
         <object_component_ref idref="oc-3ef"/>
      </symbol>
      <symbol id="sm-53f">
         <name>__TI_frcmpyd</name>
         <value>0xc752</value>
         <object_component_ref idref="oc-3e7"/>
      </symbol>
      <symbol id="sm-549">
         <name>__mspabi_mpyl_sw</name>
         <value>0xd7c2</value>
         <object_component_ref idref="oc-45b"/>
      </symbol>
      <symbol id="sm-54a">
         <name>__mspabi_mpyl</name>
         <value>0xd7c2</value>
         <object_component_ref idref="oc-45b"/>
      </symbol>
   </symbol_table>
   <title>Link successful</title>
</link_info>
